
*** Running vivado
    with args -log top.vds -m64 -product Vivado -mode batch -messageDb vivado.pb -notrace -source top.tcl


****** Vivado v2017.4 (64-bit)
  **** SW Build 2086221 on Fri Dec 15 20:55:39 MST 2017
  **** IP Build 2085800 on Fri Dec 15 22:25:07 MST 2017
    ** Copyright 1986-2017 Xilinx, Inc. All Rights Reserved.

source top.tcl -notrace
Command: synth_design -top top -part xc7z020clg400-1
Starting synth_design
Attempting to get a license for feature 'Synthesis' and/or device 'xc7z020'
INFO: [Common 17-349] Got license for feature 'Synthesis' and/or device 'xc7z020'
INFO: Launching helper process for spawning children vivado processes
INFO: Helper process launched with PID 43992 
---------------------------------------------------------------------------------
Starting RTL Elaboration : Time (s): cpu = 00:00:04 ; elapsed = 00:00:03 . Memory (MB): peak = 401.480 ; gain = 101.336
---------------------------------------------------------------------------------
INFO: [Synth 8-638] synthesizing module 'top' [D:/course/DigitalDesign1/Experiment/0519ex4/ex4/ex4.srcs/sources_1/new/top.v:1]
INFO: [Synth 8-638] synthesizing module 'array_mult_unsigned' [D:/course/DigitalDesign1/Experiment/0519ex4/ex4/ex4.srcs/sources_1/new/array_mult_unsigned.v:1]
INFO: [Synth 8-638] synthesizing module 'half_adder' [D:/course/DigitalDesign1/Experiment/0519ex4/ex4/ex4.srcs/sources_1/new/adder.v:1]
INFO: [Synth 8-256] done synthesizing module 'half_adder' (1#1) [D:/course/DigitalDesign1/Experiment/0519ex4/ex4/ex4.srcs/sources_1/new/adder.v:1]
INFO: [Synth 8-638] synthesizing module 'full_adder' [D:/course/DigitalDesign1/Experiment/0519ex4/ex4/ex4.srcs/sources_1/new/adder.v:11]
INFO: [Synth 8-256] done synthesizing module 'full_adder' (2#1) [D:/course/DigitalDesign1/Experiment/0519ex4/ex4/ex4.srcs/sources_1/new/adder.v:11]
INFO: [Synth 8-256] done synthesizing module 'array_mult_unsigned' (3#1) [D:/course/DigitalDesign1/Experiment/0519ex4/ex4/ex4.srcs/sources_1/new/array_mult_unsigned.v:1]
INFO: [Synth 8-638] synthesizing module 'braun_mult_unsigned' [D:/course/DigitalDesign1/Experiment/0519ex4/ex4/ex4.srcs/sources_1/new/braun_mult_unsigned.v:1]
INFO: [Synth 8-256] done synthesizing module 'braun_mult_unsigned' (4#1) [D:/course/DigitalDesign1/Experiment/0519ex4/ex4/ex4.srcs/sources_1/new/braun_mult_unsigned.v:1]
INFO: [Synth 8-638] synthesizing module 'array_mult_signed' [D:/course/DigitalDesign1/Experiment/0519ex4/ex4/ex4.srcs/sources_1/new/array_mult_signed.v:1]
INFO: [Synth 8-256] done synthesizing module 'array_mult_signed' (5#1) [D:/course/DigitalDesign1/Experiment/0519ex4/ex4/ex4.srcs/sources_1/new/array_mult_signed.v:1]
INFO: [Synth 8-638] synthesizing module 'braun_mult_signed' [D:/course/DigitalDesign1/Experiment/0519ex4/ex4/ex4.srcs/sources_1/new/braun_mult_signed.v:1]
INFO: [Synth 8-256] done synthesizing module 'braun_mult_signed' (6#1) [D:/course/DigitalDesign1/Experiment/0519ex4/ex4/ex4.srcs/sources_1/new/braun_mult_signed.v:1]
INFO: [Synth 8-638] synthesizing module 'behavioral_mult' [D:/course/DigitalDesign1/Experiment/0519ex4/ex4/ex4.srcs/sources_1/new/behavioral_mult.v:1]
INFO: [Synth 8-256] done synthesizing module 'behavioral_mult' (7#1) [D:/course/DigitalDesign1/Experiment/0519ex4/ex4/ex4.srcs/sources_1/new/behavioral_mult.v:1]
INFO: [Synth 8-256] done synthesizing module 'top' (8#1) [D:/course/DigitalDesign1/Experiment/0519ex4/ex4/ex4.srcs/sources_1/new/top.v:1]
WARNING: [Synth 8-3917] design top has port dig[3] driven by constant 1
WARNING: [Synth 8-3917] design top has port dig[2] driven by constant 1
WARNING: [Synth 8-3917] design top has port dig[1] driven by constant 1
WARNING: [Synth 8-3917] design top has port dig[0] driven by constant 0
---------------------------------------------------------------------------------
Finished RTL Elaboration : Time (s): cpu = 00:00:04 ; elapsed = 00:00:04 . Memory (MB): peak = 453.730 ; gain = 153.586
---------------------------------------------------------------------------------

Report Check Netlist: 
+------+------------------+-------+---------+-------+------------------+
|      |Item              |Errors |Warnings |Status |Description       |
+------+------------------+-------+---------+-------+------------------+
|1     |multi_driven_nets |      0|        0|Passed |Multi driven nets |
+------+------------------+-------+---------+-------+------------------+
---------------------------------------------------------------------------------
Finished RTL Optimization Phase 1 : Time (s): cpu = 00:00:04 ; elapsed = 00:00:04 . Memory (MB): peak = 453.730 ; gain = 153.586
---------------------------------------------------------------------------------
INFO: [Device 21-403] Loading part xc7z020clg400-1
INFO: [Project 1-570] Preparing netlist for logic optimization

Processing XDC Constraints
Initializing timing engine
Parsing XDC File [D:/course/DigitalDesign1/Experiment/0519ex4/ex4/ex4.srcs/constrs_1/top.xdc]
Finished Parsing XDC File [D:/course/DigitalDesign1/Experiment/0519ex4/ex4/ex4.srcs/constrs_1/top.xdc]
INFO: [Project 1-236] Implementation specific constraints were found while reading constraint file [D:/course/DigitalDesign1/Experiment/0519ex4/ex4/ex4.srcs/constrs_1/top.xdc]. These constraints will be ignored for synthesis but will be used in implementation. Impacted constraints are listed in the file [.Xil/top_propImpl.xdc].
Resolution: To avoid this warning, move constraints listed in [.Xil/top_propImpl.xdc] to another XDC file and exclude this new file from synthesis with the used_in_synthesis property (File Properties dialog in GUI) and re-run elaboration/synthesis.
Completed Processing XDC Constraints

INFO: [Project 1-111] Unisim Transformation Summary:
No Unisim elements were transformed.

Constraint Validation Runtime : Time (s): cpu = 00:00:00 ; elapsed = 00:00:00.002 . Memory (MB): peak = 819.324 ; gain = 0.000
---------------------------------------------------------------------------------
Finished Constraint Validation : Time (s): cpu = 00:00:11 ; elapsed = 00:00:12 . Memory (MB): peak = 819.324 ; gain = 519.180
---------------------------------------------------------------------------------
---------------------------------------------------------------------------------
Start Loading Part and Timing Information
---------------------------------------------------------------------------------
Loading part: xc7z020clg400-1
---------------------------------------------------------------------------------
Finished Loading Part and Timing Information : Time (s): cpu = 00:00:11 ; elapsed = 00:00:12 . Memory (MB): peak = 819.324 ; gain = 519.180
---------------------------------------------------------------------------------
---------------------------------------------------------------------------------
Start Applying 'set_property' XDC Constraints
---------------------------------------------------------------------------------
---------------------------------------------------------------------------------
Finished applying 'set_property' XDC Constraints : Time (s): cpu = 00:00:11 ; elapsed = 00:00:12 . Memory (MB): peak = 819.324 ; gain = 519.180
---------------------------------------------------------------------------------
INFO: [Synth 8-5546] ROM "btn_state" won't be mapped to RAM because it is too sparse
WARNING: [Synth 8-6014] Unused sequential element cnt_reg was removed.  [D:/course/DigitalDesign1/Experiment/0519ex4/ex4/ex4.srcs/sources_1/new/top.v:23]
---------------------------------------------------------------------------------
Finished RTL Optimization Phase 2 : Time (s): cpu = 00:00:11 ; elapsed = 00:00:12 . Memory (MB): peak = 819.324 ; gain = 519.180
---------------------------------------------------------------------------------

Report RTL Partitions: 
+-+--------------+------------+----------+
| |RTL Partition |Replication |Instances |
+-+--------------+------------+----------+
+-+--------------+------------+----------+
---------------------------------------------------------------------------------
Start RTL Component Statistics 
---------------------------------------------------------------------------------
Detailed RTL Component Info : 
+---Adders : 
	   2 Input      8 Bit       Adders := 2     
	   2 Input      4 Bit       Adders := 4     
	   2 Input      3 Bit       Adders := 1     
+---XORs : 
	   2 Input      1 Bit         XORs := 18    
	   3 Input      1 Bit         XORs := 32    
+---Registers : 
	                3 Bit    Registers := 1     
	                1 Bit    Registers := 4     
+---Muxes : 
	   2 Input      8 Bit        Muxes := 2     
	   6 Input      8 Bit        Muxes := 1     
	   2 Input      4 Bit        Muxes := 4     
	   2 Input      1 Bit        Muxes := 1     
---------------------------------------------------------------------------------
Finished RTL Component Statistics 
---------------------------------------------------------------------------------
---------------------------------------------------------------------------------
Start RTL Hierarchical Component Statistics 
---------------------------------------------------------------------------------
Hierarchical RTL Component report 
Module top 
Detailed RTL Component Info : 
+---Adders : 
	   2 Input      3 Bit       Adders := 1     
+---Registers : 
	                3 Bit    Registers := 1     
	                1 Bit    Registers := 4     
+---Muxes : 
	   6 Input      8 Bit        Muxes := 1     
	   2 Input      1 Bit        Muxes := 1     
Module half_adder 
Detailed RTL Component Info : 
+---XORs : 
	   2 Input      1 Bit         XORs := 1     
Module full_adder 
Detailed RTL Component Info : 
+---XORs : 
	   3 Input      1 Bit         XORs := 1     
Module array_mult_signed 
Detailed RTL Component Info : 
+---Adders : 
	   2 Input      8 Bit       Adders := 1     
	   2 Input      4 Bit       Adders := 2     
+---XORs : 
	   2 Input      1 Bit         XORs := 1     
+---Muxes : 
	   2 Input      8 Bit        Muxes := 1     
	   2 Input      4 Bit        Muxes := 2     
Module braun_mult_signed 
Detailed RTL Component Info : 
+---Adders : 
	   2 Input      8 Bit       Adders := 1     
	   2 Input      4 Bit       Adders := 2     
+---XORs : 
	   2 Input      1 Bit         XORs := 1     
+---Muxes : 
	   2 Input      8 Bit        Muxes := 1     
	   2 Input      4 Bit        Muxes := 2     
---------------------------------------------------------------------------------
Finished RTL Hierarchical Component Statistics
---------------------------------------------------------------------------------
---------------------------------------------------------------------------------
Start Part Resource Summary
---------------------------------------------------------------------------------
Part Resources:
DSPs: 220 (col length:60)
BRAMs: 280 (col length: RAMB18 60 RAMB36 30)
---------------------------------------------------------------------------------
Finished Part Resource Summary
---------------------------------------------------------------------------------
---------------------------------------------------------------------------------
Start Cross Boundary and Area Optimization
---------------------------------------------------------------------------------
INFO: [Synth 8-5546] ROM "btn_state" won't be mapped to RAM because it is too sparse
WARNING: [Synth 8-6014] Unused sequential element cnt_reg was removed.  [D:/course/DigitalDesign1/Experiment/0519ex4/ex4/ex4.srcs/sources_1/new/top.v:23]
WARNING: [Synth 8-3917] design top has port dig[3] driven by constant 1
WARNING: [Synth 8-3917] design top has port dig[2] driven by constant 1
WARNING: [Synth 8-3917] design top has port dig[1] driven by constant 1
WARNING: [Synth 8-3917] design top has port dig[0] driven by constant 0
WARNING: [Synth 8-3917] design top has port seg[7] driven by constant 1
WARNING: [Synth 8-3917] design top has port seg[1] driven by constant 0
---------------------------------------------------------------------------------
Finished Cross Boundary and Area Optimization : Time (s): cpu = 00:00:12 ; elapsed = 00:00:13 . Memory (MB): peak = 819.324 ; gain = 519.180
---------------------------------------------------------------------------------

Report RTL Partitions: 
+-+--------------+------------+----------+
| |RTL Partition |Replication |Instances |
+-+--------------+------------+----------+
+-+--------------+------------+----------+
---------------------------------------------------------------------------------
Start Applying XDC Timing Constraints
---------------------------------------------------------------------------------
---------------------------------------------------------------------------------
Finished Applying XDC Timing Constraints : Time (s): cpu = 00:00:16 ; elapsed = 00:00:17 . Memory (MB): peak = 819.324 ; gain = 519.180
---------------------------------------------------------------------------------
---------------------------------------------------------------------------------
Start Timing Optimization
---------------------------------------------------------------------------------
---------------------------------------------------------------------------------
Finished Timing Optimization : Time (s): cpu = 00:00:16 ; elapsed = 00:00:17 . Memory (MB): peak = 840.672 ; gain = 540.527
---------------------------------------------------------------------------------

Report RTL Partitions: 
+-+--------------+------------+----------+
| |RTL Partition |Replication |Instances |
+-+--------------+------------+----------+
+-+--------------+------------+----------+
---------------------------------------------------------------------------------
Start Technology Mapping
---------------------------------------------------------------------------------
---------------------------------------------------------------------------------
Finished Technology Mapping : Time (s): cpu = 00:00:16 ; elapsed = 00:00:17 . Memory (MB): peak = 844.086 ; gain = 543.941
---------------------------------------------------------------------------------

Report RTL Partitions: 
+-+--------------+------------+----------+
| |RTL Partition |Replication |Instances |
+-+--------------+------------+----------+
+-+--------------+------------+----------+
---------------------------------------------------------------------------------
Start IO Insertion
---------------------------------------------------------------------------------
---------------------------------------------------------------------------------
Start Flattening Before IO Insertion
---------------------------------------------------------------------------------
---------------------------------------------------------------------------------
Finished Flattening Before IO Insertion
---------------------------------------------------------------------------------
---------------------------------------------------------------------------------
Start Final Netlist Cleanup
---------------------------------------------------------------------------------
---------------------------------------------------------------------------------
Finished Final Netlist Cleanup
---------------------------------------------------------------------------------
---------------------------------------------------------------------------------
Finished IO Insertion : Time (s): cpu = 00:00:17 ; elapsed = 00:00:18 . Memory (MB): peak = 844.086 ; gain = 543.941
---------------------------------------------------------------------------------

Report Check Netlist: 
+------+------------------+-------+---------+-------+------------------+
|      |Item              |Errors |Warnings |Status |Description       |
+------+------------------+-------+---------+-------+------------------+
|1     |multi_driven_nets |      0|        0|Passed |Multi driven nets |
+------+------------------+-------+---------+-------+------------------+
---------------------------------------------------------------------------------
Start Renaming Generated Instances
---------------------------------------------------------------------------------
---------------------------------------------------------------------------------
Finished Renaming Generated Instances : Time (s): cpu = 00:00:17 ; elapsed = 00:00:18 . Memory (MB): peak = 844.086 ; gain = 543.941
---------------------------------------------------------------------------------

Report RTL Partitions: 
+-+--------------+------------+----------+
| |RTL Partition |Replication |Instances |
+-+--------------+------------+----------+
+-+--------------+------------+----------+
---------------------------------------------------------------------------------
Start Rebuilding User Hierarchy
---------------------------------------------------------------------------------
---------------------------------------------------------------------------------
Finished Rebuilding User Hierarchy : Time (s): cpu = 00:00:17 ; elapsed = 00:00:18 . Memory (MB): peak = 844.086 ; gain = 543.941
---------------------------------------------------------------------------------
---------------------------------------------------------------------------------
Start Renaming Generated Ports
---------------------------------------------------------------------------------
---------------------------------------------------------------------------------
Finished Renaming Generated Ports : Time (s): cpu = 00:00:17 ; elapsed = 00:00:18 . Memory (MB): peak = 844.086 ; gain = 543.941
---------------------------------------------------------------------------------
---------------------------------------------------------------------------------
Start Handling Custom Attributes
---------------------------------------------------------------------------------
---------------------------------------------------------------------------------
Finished Handling Custom Attributes : Time (s): cpu = 00:00:17 ; elapsed = 00:00:18 . Memory (MB): peak = 844.086 ; gain = 543.941
---------------------------------------------------------------------------------
---------------------------------------------------------------------------------
Start Renaming Generated Nets
---------------------------------------------------------------------------------
---------------------------------------------------------------------------------
Finished Renaming Generated Nets : Time (s): cpu = 00:00:17 ; elapsed = 00:00:18 . Memory (MB): peak = 844.086 ; gain = 543.941
---------------------------------------------------------------------------------
---------------------------------------------------------------------------------
Start Writing Synthesis Report
---------------------------------------------------------------------------------

Report BlackBoxes: 
+-+--------------+----------+
| |BlackBox name |Instances |
+-+--------------+----------+
+-+--------------+----------+

Report Cell Usage: 
+------+-------+------+
|      |Cell   |Count |
+------+-------+------+
|1     |BUFG   |     1|
|2     |CARRY4 |     7|
|3     |LUT1   |     2|
|4     |LUT2   |     4|
|5     |LUT3   |     8|
|6     |LUT4   |     7|
|7     |LUT5   |    10|
|8     |LUT6   |    53|
|9     |MUXF7  |     7|
|10    |MUXF8  |     3|
|11    |FDRE   |    27|
|12    |IBUF   |    10|
|13    |OBUF   |    20|
+------+-------+------+

Report Instance Areas: 
+------+---------+----------------+------+
|      |Instance |Module          |Cells |
+------+---------+----------------+------+
|1     |top      |                |   159|
|2     |  mut4   |behavioral_mult |    33|
+------+---------+----------------+------+
---------------------------------------------------------------------------------
Finished Writing Synthesis Report : Time (s): cpu = 00:00:17 ; elapsed = 00:00:18 . Memory (MB): peak = 844.086 ; gain = 543.941
---------------------------------------------------------------------------------
Synthesis finished with 0 errors, 0 critical warnings and 8 warnings.
Synthesis Optimization Runtime : Time (s): cpu = 00:00:09 ; elapsed = 00:00:13 . Memory (MB): peak = 844.086 ; gain = 178.348
Synthesis Optimization Complete : Time (s): cpu = 00:00:17 ; elapsed = 00:00:18 . Memory (MB): peak = 844.086 ; gain = 543.941
INFO: [Project 1-571] Translating synthesized netlist
INFO: [Netlist 29-17] Analyzing 27 Unisim elements for replacement
INFO: [Netlist 29-28] Unisim Transformation completed in 0 CPU seconds
INFO: [Project 1-570] Preparing netlist for logic optimization
INFO: [Opt 31-138] Pushed 0 inverter(s) to 0 load pin(s).
INFO: [Project 1-111] Unisim Transformation Summary:
No Unisim elements were transformed.

INFO: [Common 17-83] Releasing license: Synthesis
30 Infos, 12 Warnings, 0 Critical Warnings and 0 Errors encountered.
synth_design completed successfully
synth_design: Time (s): cpu = 00:00:17 ; elapsed = 00:00:21 . Memory (MB): peak = 844.086 ; gain = 556.355
INFO: [Common 17-1381] The checkpoint 'D:/course/DigitalDesign1/Experiment/0519ex4/ex4/ex4.runs/synth_1/top.dcp' has been generated.
INFO: [runtcl-4] Executing : report_utilization -file top_utilization_synth.rpt -pb top_utilization_synth.pb
report_utilization: Time (s): cpu = 00:00:00 ; elapsed = 00:00:00.020 . Memory (MB): peak = 844.086 ; gain = 0.000
INFO: [Common 17-206] Exiting Vivado at Tue May 19 19:19:04 2026...
