
*** Running vivado
    with args -log top.vdi -applog -m64 -product Vivado -messageDb vivado.pb -mode batch -source top.tcl -notrace


****** Vivado v2017.4 (64-bit)
  **** SW Build 2086221 on Fri Dec 15 20:55:39 MST 2017
  **** IP Build 2085800 on Fri Dec 15 22:25:07 MST 2017
    ** Copyright 1986-2017 Xilinx, Inc. All Rights Reserved.

source top.tcl -notrace
Command: link_design -top top -part xc7z020clg400-1
Design is defaulting to srcset: sources_1
Design is defaulting to constrset: constrs_1
INFO: [Netlist 29-17] Analyzing 27 Unisim elements for replacement
INFO: [Netlist 29-28] Unisim Transformation completed in 1 CPU seconds
INFO: [Project 1-479] Netlist was created with Vivado 2017.4
INFO: [Device 21-403] Loading part xc7z020clg400-1
INFO: [Project 1-570] Preparing netlist for logic optimization
Parsing XDC File [D:/course/DigitalDesign1/Experiment/0519ex4/ex4/ex4.srcs/constrs_1/top_new.xdc]
Finished Parsing XDC File [D:/course/DigitalDesign1/Experiment/0519ex4/ex4/ex4.srcs/constrs_1/top_new.xdc]
INFO: [Opt 31-138] Pushed 0 inverter(s) to 0 load pin(s).
INFO: [Project 1-111] Unisim Transformation Summary:
No Unisim elements were transformed.

7 Infos, 0 Warnings, 0 Critical Warnings and 0 Errors encountered.
link_design completed successfully
link_design: Time (s): cpu = 00:00:04 ; elapsed = 00:00:06 . Memory (MB): peak = 643.766 ; gain = 351.082
Command: opt_design
Attempting to get a license for feature 'Implementation' and/or device 'xc7z020'
INFO: [Common 17-349] Got license for feature 'Implementation' and/or device 'xc7z020'
Running DRC as a precondition to command opt_design

Starting DRC Task
INFO: [DRC 23-27] Running DRC with 2 threads
INFO: [Project 1-461] DRC finished with 0 Errors
INFO: [Project 1-462] Please refer to the DRC report (report_drc) for more information.

Time (s): cpu = 00:00:00 ; elapsed = 00:00:00.259 . Memory (MB): peak = 657.676 ; gain = 13.910
INFO: [Timing 38-35] Done setting XDC timing constraints.

Starting Logic Optimization Task

Phase 1 Retarget
INFO: [Opt 31-138] Pushed 0 inverter(s) to 0 load pin(s).
INFO: [Opt 31-49] Retargeted 0 cell(s).
Phase 1 Retarget | Checksum: a51595f1

Time (s): cpu = 00:00:00 ; elapsed = 00:00:00.008 . Memory (MB): peak = 1205.227 ; gain = 0.000
INFO: [Opt 31-389] Phase Retarget created 0 cells and removed 0 cells

Phase 2 Constant propagation
INFO: [Opt 31-138] Pushed 0 inverter(s) to 0 load pin(s).
Phase 2 Constant propagation | Checksum: e65fd814

Time (s): cpu = 00:00:00 ; elapsed = 00:00:00.010 . Memory (MB): peak = 1205.227 ; gain = 0.000
INFO: [Opt 31-389] Phase Constant propagation created 0 cells and removed 0 cells

Phase 3 Sweep
Phase 3 Sweep | Checksum: ecaab204

Time (s): cpu = 00:00:00 ; elapsed = 00:00:00.012 . Memory (MB): peak = 1205.227 ; gain = 0.000
INFO: [Opt 31-389] Phase Sweep created 0 cells and removed 0 cells

Phase 4 BUFG optimization
Phase 4 BUFG optimization | Checksum: ecaab204

Time (s): cpu = 00:00:00 ; elapsed = 00:00:00.016 . Memory (MB): peak = 1205.227 ; gain = 0.000
INFO: [Opt 31-389] Phase BUFG optimization created 0 cells and removed 0 cells

Phase 5 Shift Register Optimization
Phase 5 Shift Register Optimization | Checksum: ecaab204

Time (s): cpu = 00:00:00 ; elapsed = 00:00:00.017 . Memory (MB): peak = 1205.227 ; gain = 0.000
INFO: [Opt 31-389] Phase Shift Register Optimization created 0 cells and removed 0 cells

Starting Connectivity Check Task

Time (s): cpu = 00:00:00 ; elapsed = 00:00:00 . Memory (MB): peak = 1205.227 ; gain = 0.000
Ending Logic Optimization Task | Checksum: ecaab204

Time (s): cpu = 00:00:00 ; elapsed = 00:00:00.019 . Memory (MB): peak = 1205.227 ; gain = 0.000

Starting Power Optimization Task
INFO: [Pwropt 34-132] Skipping clock gating for clocks with a period < 2.00 ns.
Ending Power Optimization Task | Checksum: 139a99b14

Time (s): cpu = 00:00:00 ; elapsed = 00:00:00.004 . Memory (MB): peak = 1205.227 ; gain = 0.000
INFO: [Common 17-83] Releasing license: Implementation
22 Infos, 0 Warnings, 0 Critical Warnings and 0 Errors encountered.
opt_design completed successfully
opt_design: Time (s): cpu = 00:00:05 ; elapsed = 00:00:05 . Memory (MB): peak = 1205.227 ; gain = 561.461
Writing placer database...
Writing XDEF routing.
Writing XDEF routing logical nets.
Writing XDEF routing special nets.
Write XDEF Complete: Time (s): cpu = 00:00:00 ; elapsed = 00:00:00.026 . Memory (MB): peak = 1205.227 ; gain = 0.000
INFO: [Common 17-1381] The checkpoint 'D:/course/DigitalDesign1/Experiment/0519ex4/ex4/ex4.runs/impl_1/top_opt.dcp' has been generated.
INFO: [runtcl-4] Executing : report_drc -file top_drc_opted.rpt -pb top_drc_opted.pb -rpx top_drc_opted.rpx
Command: report_drc -file top_drc_opted.rpt -pb top_drc_opted.pb -rpx top_drc_opted.rpx
INFO: [IP_Flow 19-234] Refreshing IP repositories
INFO: [IP_Flow 19-1704] No user IP repositories specified
INFO: [IP_Flow 19-2313] Loaded Vivado IP repository 'D:/Program/vivado/Vivado/2017.4/data/ip'.
INFO: [DRC 23-27] Running DRC with 2 threads
INFO: [Coretcl 2-168] The results of DRC are in file D:/course/DigitalDesign1/Experiment/0519ex4/ex4/ex4.runs/impl_1/top_drc_opted.rpt.
report_drc completed successfully
INFO: [Chipscope 16-241] No debug cores found in the current design.
Before running the implement_debug_core command, either use the Set Up Debug wizard (GUI mode)
or use the create_debug_core and connect_debug_core Tcl commands to insert debug cores into the design.
Command: place_design
Attempting to get a license for feature 'Implementation' and/or device 'xc7z020'
INFO: [Common 17-349] Got license for feature 'Implementation' and/or device 'xc7z020'
INFO: [DRC 23-27] Running DRC with 2 threads
INFO: [Vivado_Tcl 4-198] DRC finished with 0 Errors
INFO: [Vivado_Tcl 4-199] Please refer to the DRC report (report_drc) for more information.
Running DRC as a precondition to command place_design
INFO: [DRC 23-27] Running DRC with 2 threads
INFO: [Vivado_Tcl 4-198] DRC finished with 0 Errors
INFO: [Vivado_Tcl 4-199] Please refer to the DRC report (report_drc) for more information.

Starting Placer Task
INFO: [Place 30-611] Multithreading enabled for place_design using a maximum of 2 CPUs

Phase 1 Placer Initialization

Phase 1.1 Placer Initialization Netlist Sorting
Netlist sorting complete. Time (s): cpu = 00:00:00 ; elapsed = 00:00:00 . Memory (MB): peak = 1205.227 ; gain = 0.000
Phase 1.1 Placer Initialization Netlist Sorting | Checksum: 11190bfb8

Time (s): cpu = 00:00:00 ; elapsed = 00:00:00.002 . Memory (MB): peak = 1205.227 ; gain = 0.000
INFO: [Timing 38-35] Done setting XDC timing constraints.
INFO: [Opt 31-138] Pushed 0 inverter(s) to 0 load pin(s).
Netlist sorting complete. Time (s): cpu = 00:00:00 ; elapsed = 00:00:00 . Memory (MB): peak = 1205.227 ; gain = 0.000

Phase 1.2 IO Placement/ Clock Placement/ Build Placer Device
INFO: [Timing 38-35] Done setting XDC timing constraints.
Phase 1.2 IO Placement/ Clock Placement/ Build Placer Device | Checksum: cac8713a

Time (s): cpu = 00:00:00 ; elapsed = 00:00:00.522 . Memory (MB): peak = 1205.227 ; gain = 0.000

Phase 1.3 Build Placer Netlist Model
Phase 1.3 Build Placer Netlist Model | Checksum: 16fc4af7a

Time (s): cpu = 00:00:00 ; elapsed = 00:00:00.575 . Memory (MB): peak = 1205.227 ; gain = 0.000

Phase 1.4 Constrain Clocks/Macros
Phase 1.4 Constrain Clocks/Macros | Checksum: 16fc4af7a

Time (s): cpu = 00:00:00 ; elapsed = 00:00:00.576 . Memory (MB): peak = 1205.227 ; gain = 0.000
Phase 1 Placer Initialization | Checksum: 16fc4af7a

Time (s): cpu = 00:00:00 ; elapsed = 00:00:00.577 . Memory (MB): peak = 1205.227 ; gain = 0.000

Phase 2 Global Placement
Phase 2 Global Placement | Checksum: 128d73847

Time (s): cpu = 00:00:01 ; elapsed = 00:00:00.800 . Memory (MB): peak = 1205.227 ; gain = 0.000

Phase 3 Detail Placement

Phase 3.1 Commit Multi Column Macros
Phase 3.1 Commit Multi Column Macros | Checksum: 128d73847

Time (s): cpu = 00:00:01 ; elapsed = 00:00:00.802 . Memory (MB): peak = 1205.227 ; gain = 0.000

Phase 3.2 Commit Most Macros & LUTRAMs
Phase 3.2 Commit Most Macros & LUTRAMs | Checksum: ab155919

Time (s): cpu = 00:00:01 ; elapsed = 00:00:00.839 . Memory (MB): peak = 1205.227 ; gain = 0.000

Phase 3.3 Area Swap Optimization
Phase 3.3 Area Swap Optimization | Checksum: 11862c85a

Time (s): cpu = 00:00:01 ; elapsed = 00:00:00.844 . Memory (MB): peak = 1205.227 ; gain = 0.000

Phase 3.4 Pipeline Register Optimization
Phase 3.4 Pipeline Register Optimization | Checksum: 11862c85a

Time (s): cpu = 00:00:01 ; elapsed = 00:00:00.844 . Memory (MB): peak = 1205.227 ; gain = 0.000

Phase 3.5 Small Shape Detail Placement
Phase 3.5 Small Shape Detail Placement | Checksum: 15e02f50f

Time (s): cpu = 00:00:01 ; elapsed = 00:00:00.918 . Memory (MB): peak = 1205.227 ; gain = 0.000

Phase 3.6 Re-assign LUT pins
Phase 3.6 Re-assign LUT pins | Checksum: 14cc2b419

Time (s): cpu = 00:00:01 ; elapsed = 00:00:00.922 . Memory (MB): peak = 1205.227 ; gain = 0.000

Phase 3.7 Pipeline Register Optimization
Phase 3.7 Pipeline Register Optimization | Checksum: 14cc2b419

Time (s): cpu = 00:00:01 ; elapsed = 00:00:00.923 . Memory (MB): peak = 1205.227 ; gain = 0.000
Phase 3 Detail Placement | Checksum: 14cc2b419

Time (s): cpu = 00:00:01 ; elapsed = 00:00:00.923 . Memory (MB): peak = 1205.227 ; gain = 0.000

Phase 4 Post Placement Optimization and Clean-Up

Phase 4.1 Post Commit Optimization
INFO: [Timing 38-35] Done setting XDC timing constraints.

Phase 4.1.1 Post Placement Optimization
Post Placement Optimization Initialization | Checksum: 27d2aa897

Phase 4.1.1.1 BUFG Insertion
INFO: [Physopt 32-721] Multithreading enabled for phys_opt_design using a maximum of 2 CPUs
INFO: [Place 46-31] BUFG insertion identified 0 candidate nets, 0 success, 0 skipped for placement/routing, 0 skipped for timing, 0 skipped for netlist change reason.
Phase 4.1.1.1 BUFG Insertion | Checksum: 27d2aa897

Time (s): cpu = 00:00:01 ; elapsed = 00:00:00.998 . Memory (MB): peak = 1223.105 ; gain = 17.879
INFO: [Place 30-746] Post Placement Timing Summary WNS=16.837. For the most accurate timing information please run report_timing.
Phase 4.1.1 Post Placement Optimization | Checksum: 2c0a8fb59

Time (s): cpu = 00:00:01 ; elapsed = 00:00:00.999 . Memory (MB): peak = 1223.105 ; gain = 17.879
Phase 4.1 Post Commit Optimization | Checksum: 2c0a8fb59

Time (s): cpu = 00:00:01 ; elapsed = 00:00:01 . Memory (MB): peak = 1223.105 ; gain = 17.879

Phase 4.2 Post Placement Cleanup
Phase 4.2 Post Placement Cleanup | Checksum: 2c0a8fb59

Time (s): cpu = 00:00:01 ; elapsed = 00:00:01 . Memory (MB): peak = 1223.105 ; gain = 17.879

Phase 4.3 Placer Reporting
Phase 4.3 Placer Reporting | Checksum: 2c0a8fb59

Time (s): cpu = 00:00:01 ; elapsed = 00:00:01 . Memory (MB): peak = 1223.105 ; gain = 17.879

Phase 4.4 Final Placement Cleanup
Phase 4.4 Final Placement Cleanup | Checksum: 27573d39f

Time (s): cpu = 00:00:01 ; elapsed = 00:00:01 . Memory (MB): peak = 1223.105 ; gain = 17.879
Phase 4 Post Placement Optimization and Clean-Up | Checksum: 27573d39f

Time (s): cpu = 00:00:01 ; elapsed = 00:00:01 . Memory (MB): peak = 1223.105 ; gain = 17.879
Ending Placer Task | Checksum: 18a4be3bf

Time (s): cpu = 00:00:01 ; elapsed = 00:00:01 . Memory (MB): peak = 1223.105 ; gain = 17.879
INFO: [Common 17-83] Releasing license: Implementation
46 Infos, 0 Warnings, 0 Critical Warnings and 0 Errors encountered.
place_design completed successfully
Writing placer database...
Writing XDEF routing.
Writing XDEF routing logical nets.
Writing XDEF routing special nets.
Write XDEF Complete: Time (s): cpu = 00:00:00 ; elapsed = 00:00:00.032 . Memory (MB): peak = 1223.426 ; gain = 0.320
INFO: [Common 17-1381] The checkpoint 'D:/course/DigitalDesign1/Experiment/0519ex4/ex4/ex4.runs/impl_1/top_placed.dcp' has been generated.
INFO: [runtcl-4] Executing : report_io -file top_io_placed.rpt
report_io: Time (s): cpu = 00:00:00 ; elapsed = 00:00:00.028 . Memory (MB): peak = 1225.938 ; gain = 2.512
INFO: [runtcl-4] Executing : report_utilization -file top_utilization_placed.rpt -pb top_utilization_placed.pb
report_utilization: Time (s): cpu = 00:00:00 ; elapsed = 00:00:00.022 . Memory (MB): peak = 1225.938 ; gain = 0.000
INFO: [runtcl-4] Executing : report_control_sets -verbose -file top_control_sets_placed.rpt
report_control_sets: Time (s): cpu = 00:00:00 ; elapsed = 00:00:00.001 . Memory (MB): peak = 1225.938 ; gain = 0.000
Command: route_design
Attempting to get a license for feature 'Implementation' and/or device 'xc7z020'
INFO: [Common 17-349] Got license for feature 'Implementation' and/or device 'xc7z020'
Running DRC as a precondition to command route_design
INFO: [DRC 23-27] Running DRC with 2 threads
INFO: [Vivado_Tcl 4-198] DRC finished with 0 Errors
INFO: [Vivado_Tcl 4-199] Please refer to the DRC report (report_drc) for more information.


Starting Routing Task
INFO: [Route 35-254] Multithreading enabled for route_design using a maximum of 2 CPUs
Checksum: PlaceDB: e6a384c8 ConstDB: 0 ShapeSum: a3a85ef7 RouteDB: 0

Phase 1 Build RT Design
Phase 1 Build RT Design | Checksum: 10ebd684a

Time (s): cpu = 00:00:15 ; elapsed = 00:00:14 . Memory (MB): peak = 1366.062 ; gain = 139.430
Post Restoration Checksum: NetGraph: 4cf6b983 NumContArr: c1c6aec7 Constraints: 0 Timing: 0

Phase 2 Router Initialization

Phase 2.1 Create Timer
Phase 2.1 Create Timer | Checksum: 10ebd684a

Time (s): cpu = 00:00:15 ; elapsed = 00:00:14 . Memory (MB): peak = 1366.062 ; gain = 139.430

Phase 2.2 Fix Topology Constraints
Phase 2.2 Fix Topology Constraints | Checksum: 10ebd684a

Time (s): cpu = 00:00:15 ; elapsed = 00:00:14 . Memory (MB): peak = 1366.062 ; gain = 139.430

Phase 2.3 Pre Route Cleanup
Phase 2.3 Pre Route Cleanup | Checksum: 10ebd684a

Time (s): cpu = 00:00:15 ; elapsed = 00:00:14 . Memory (MB): peak = 1366.062 ; gain = 139.430
 Number of Nodes with overlaps = 0

Phase 2.4 Update Timing
Phase 2.4 Update Timing | Checksum: 18874bf7f

Time (s): cpu = 00:00:16 ; elapsed = 00:00:14 . Memory (MB): peak = 1369.453 ; gain = 142.820
INFO: [Route 35-416] Intermediate Timing Summary | WNS=16.760 | TNS=0.000  | WHS=-0.067 | THS=-0.147 |

Phase 2 Router Initialization | Checksum: 11d0fbd66

Time (s): cpu = 00:00:16 ; elapsed = 00:00:14 . Memory (MB): peak = 1369.453 ; gain = 142.820

Phase 3 Initial Routing
Phase 3 Initial Routing | Checksum: f2766c0a

Time (s): cpu = 00:00:16 ; elapsed = 00:00:14 . Memory (MB): peak = 1369.453 ; gain = 142.820

Phase 4 Rip-up And Reroute

Phase 4.1 Global Iteration 0
 Number of Nodes with overlaps = 17
 Number of Nodes with overlaps = 0
INFO: [Route 35-416] Intermediate Timing Summary | WNS=16.356 | TNS=0.000  | WHS=N/A    | THS=N/A    |

Phase 4.1 Global Iteration 0 | Checksum: b865fff0

Time (s): cpu = 00:00:16 ; elapsed = 00:00:14 . Memory (MB): peak = 1369.453 ; gain = 142.820
Phase 4 Rip-up And Reroute | Checksum: b865fff0

Time (s): cpu = 00:00:16 ; elapsed = 00:00:14 . Memory (MB): peak = 1369.453 ; gain = 142.820

Phase 5 Delay and Skew Optimization

Phase 5.1 Delay CleanUp
Phase 5.1 Delay CleanUp | Checksum: b865fff0

Time (s): cpu = 00:00:16 ; elapsed = 00:00:14 . Memory (MB): peak = 1369.453 ; gain = 142.820

Phase 5.2 Clock Skew Optimization
Phase 5.2 Clock Skew Optimization | Checksum: b865fff0

Time (s): cpu = 00:00:16 ; elapsed = 00:00:14 . Memory (MB): peak = 1369.453 ; gain = 142.820
Phase 5 Delay and Skew Optimization | Checksum: b865fff0

Time (s): cpu = 00:00:16 ; elapsed = 00:00:14 . Memory (MB): peak = 1369.453 ; gain = 142.820

Phase 6 Post Hold Fix

Phase 6.1 Hold Fix Iter

Phase 6.1.1 Update Timing
Phase 6.1.1 Update Timing | Checksum: f7b4415a

Time (s): cpu = 00:00:16 ; elapsed = 00:00:14 . Memory (MB): peak = 1369.453 ; gain = 142.820
INFO: [Route 35-416] Intermediate Timing Summary | WNS=16.370 | TNS=0.000  | WHS=0.068  | THS=0.000  |

Phase 6.1 Hold Fix Iter | Checksum: f7b4415a

Time (s): cpu = 00:00:16 ; elapsed = 00:00:14 . Memory (MB): peak = 1369.453 ; gain = 142.820
Phase 6 Post Hold Fix | Checksum: f7b4415a

Time (s): cpu = 00:00:16 ; elapsed = 00:00:14 . Memory (MB): peak = 1369.453 ; gain = 142.820

Phase 7 Route finalize

Router Utilization Summary
  Global Vertical Routing Utilization    = 0.0393497 %
  Global Horizontal Routing Utilization  = 0.0168188 %
  Routable Net Status*
  *Does not include unroutable nets such as driverless and loadless.
  Run report_route_status for detailed report.
  Number of Failed Nets               = 0
  Number of Unrouted Nets             = 0
  Number of Partially Routed Nets     = 0
  Number of Node Overlaps             = 0

Phase 7 Route finalize | Checksum: c4a39eda

Time (s): cpu = 00:00:16 ; elapsed = 00:00:14 . Memory (MB): peak = 1369.453 ; gain = 142.820

Phase 8 Verifying routed nets

 Verification completed successfully
Phase 8 Verifying routed nets | Checksum: c4a39eda

Time (s): cpu = 00:00:16 ; elapsed = 00:00:14 . Memory (MB): peak = 1369.453 ; gain = 142.820

Phase 9 Depositing Routes
Phase 9 Depositing Routes | Checksum: c7bc2d7c

Time (s): cpu = 00:00:16 ; elapsed = 00:00:14 . Memory (MB): peak = 1369.453 ; gain = 142.820

Phase 10 Post Router Timing
INFO: [Route 35-57] Estimated Timing Summary | WNS=16.370 | TNS=0.000  | WHS=0.068  | THS=0.000  |

INFO: [Route 35-327] The final timing numbers are based on the router estimated timing analysis. For a complete and accurate timing signoff, please run report_timing_summary.
Phase 10 Post Router Timing | Checksum: c7bc2d7c

Time (s): cpu = 00:00:16 ; elapsed = 00:00:14 . Memory (MB): peak = 1369.453 ; gain = 142.820
INFO: [Route 35-16] Router Completed Successfully

Time (s): cpu = 00:00:16 ; elapsed = 00:00:14 . Memory (MB): peak = 1369.453 ; gain = 142.820

Routing Is Done.
INFO: [Common 17-83] Releasing license: Implementation
62 Infos, 0 Warnings, 0 Critical Warnings and 0 Errors encountered.
route_design completed successfully
route_design: Time (s): cpu = 00:00:17 ; elapsed = 00:00:15 . Memory (MB): peak = 1369.453 ; gain = 143.516
Writing placer database...
Writing XDEF routing.
Writing XDEF routing logical nets.
Writing XDEF routing special nets.
Write XDEF Complete: Time (s): cpu = 00:00:00 ; elapsed = 00:00:00.034 . Memory (MB): peak = 1369.453 ; gain = 0.000
INFO: [Common 17-1381] The checkpoint 'D:/course/DigitalDesign1/Experiment/0519ex4/ex4/ex4.runs/impl_1/top_routed.dcp' has been generated.
INFO: [runtcl-4] Executing : report_drc -file top_drc_routed.rpt -pb top_drc_routed.pb -rpx top_drc_routed.rpx
Command: report_drc -file top_drc_routed.rpt -pb top_drc_routed.pb -rpx top_drc_routed.rpx
INFO: [IP_Flow 19-1839] IP Catalog is up to date.
INFO: [DRC 23-27] Running DRC with 2 threads
INFO: [Coretcl 2-168] The results of DRC are in file D:/course/DigitalDesign1/Experiment/0519ex4/ex4/ex4.runs/impl_1/top_drc_routed.rpt.
report_drc completed successfully
INFO: [runtcl-4] Executing : report_methodology -file top_methodology_drc_routed.rpt -pb top_methodology_drc_routed.pb -rpx top_methodology_drc_routed.rpx
Command: report_methodology -file top_methodology_drc_routed.rpt -pb top_methodology_drc_routed.pb -rpx top_methodology_drc_routed.rpx
INFO: [Timing 38-35] Done setting XDC timing constraints.
INFO: [Timing 38-35] Done setting XDC timing constraints.
INFO: [DRC 23-133] Running Methodology with 2 threads
INFO: [Coretcl 2-1520] The results of Report Methodology are in file D:/course/DigitalDesign1/Experiment/0519ex4/ex4/ex4.runs/impl_1/top_methodology_drc_routed.rpt.
report_methodology completed successfully
INFO: [runtcl-4] Executing : report_power -file top_power_routed.rpt -pb top_power_summary_routed.pb -rpx top_power_routed.rpx
Command: report_power -file top_power_routed.rpt -pb top_power_summary_routed.pb -rpx top_power_routed.rpx
INFO: [Timing 38-35] Done setting XDC timing constraints.
Running Vector-less Activity Propagation...

Finished Running Vector-less Activity Propagation
74 Infos, 0 Warnings, 0 Critical Warnings and 0 Errors encountered.
report_power completed successfully
INFO: [runtcl-4] Executing : report_route_status -file top_route_status.rpt -pb top_route_status.pb
INFO: [runtcl-4] Executing : report_timing_summary -max_paths 10 -file top_timing_summary_routed.rpt -rpx top_timing_summary_routed.rpx -warn_on_violation 
INFO: [Timing 38-91] UpdateTimingParams: Speed grade: -1, Delay Type: min_max.
INFO: [Timing 38-191] Multithreading enabled for timing update using a maximum of 2 CPUs
INFO: [runtcl-4] Executing : report_incremental_reuse -file top_incremental_reuse_routed.rpt
INFO: [Vivado_Tcl 4-545] No incremental reuse to report, no incremental placement and routing data was found.
INFO: [runtcl-4] Executing : report_clock_utilization -file top_clock_utilization_routed.rpt
Command: write_bitstream -force top.bit
Attempting to get a license for feature 'Implementation' and/or device 'xc7z020'
INFO: [Common 17-349] Got license for feature 'Implementation' and/or device 'xc7z020'
Running DRC as a precondition to command write_bitstream
INFO: [IP_Flow 19-1839] IP Catalog is up to date.
INFO: [DRC 23-27] Running DRC with 2 threads
WARNING: [DRC ZPS7-1] PS7 block required: The PS7 cell must be used in this Zynq design in order to enable correct default configuration.
INFO: [Vivado 12-3199] DRC finished with 0 Errors, 1 Warnings
INFO: [Vivado 12-3200] Please refer to the DRC report (report_drc) for more information.
INFO: [Project 1-821] Please set project.enableDesignId to be 'true'.
INFO: [Designutils 20-2272] Running write_bitstream with 2 threads.
Loading data files...
Loading site data...
Loading route data...
Processing options...
Creating bitmap...
Creating bitstream...
Writing bitstream ./top.bit...
INFO: [Vivado 12-1842] Bitgen Completed Successfully.
INFO: [Project 1-120] WebTalk data collection is mandatory when using a WebPACK part without a full Vivado license. To see the specific WebTalk data collected for your design, open the usage_statistics_webtalk.html or usage_statistics_webtalk.xml file in the implementation directory.
INFO: [Common 17-83] Releasing license: Implementation
91 Infos, 1 Warnings, 0 Critical Warnings and 0 Errors encountered.
write_bitstream completed successfully
write_bitstream: Time (s): cpu = 00:00:09 ; elapsed = 00:00:08 . Memory (MB): peak = 1836.688 ; gain = 443.305
INFO: [Common 17-206] Exiting Vivado at Tue May 19 19:26:08 2026...

*** Running vivado
    with args -log top.vdi -applog -m64 -product Vivado -messageDb vivado.pb -mode batch -source top.tcl -notrace


****** Vivado v2017.4 (64-bit)
  **** SW Build 2086221 on Fri Dec 15 20:55:39 MST 2017
  **** IP Build 2085800 on Fri Dec 15 22:25:07 MST 2017
    ** Copyright 1986-2017 Xilinx, Inc. All Rights Reserved.

source top.tcl -notrace
Command: link_design -top top -part xc7z020clg400-1
Design is defaulting to srcset: sources_1
Design is defaulting to constrset: constrs_1
INFO: [Netlist 29-17] Analyzing 29 Unisim elements for replacement
INFO: [Netlist 29-28] Unisim Transformation completed in 0 CPU seconds
INFO: [Project 1-479] Netlist was created with Vivado 2017.4
INFO: [Device 21-403] Loading part xc7z020clg400-1
INFO: [Project 1-570] Preparing netlist for logic optimization
Parsing XDC File [D:/course/DigitalDesign1/Experiment/0519ex4/ex4/ex4.srcs/constrs_1/top_new.xdc]
Finished Parsing XDC File [D:/course/DigitalDesign1/Experiment/0519ex4/ex4/ex4.srcs/constrs_1/top_new.xdc]
INFO: [Opt 31-138] Pushed 0 inverter(s) to 0 load pin(s).
INFO: [Project 1-111] Unisim Transformation Summary:
No Unisim elements were transformed.

7 Infos, 0 Warnings, 0 Critical Warnings and 0 Errors encountered.
link_design completed successfully
link_design: Time (s): cpu = 00:00:04 ; elapsed = 00:00:06 . Memory (MB): peak = 643.520 ; gain = 351.559
Command: opt_design
Attempting to get a license for feature 'Implementation' and/or device 'xc7z020'
INFO: [Common 17-349] Got license for feature 'Implementation' and/or device 'xc7z020'
Running DRC as a precondition to command opt_design

Starting DRC Task
INFO: [DRC 23-27] Running DRC with 2 threads
INFO: [Project 1-461] DRC finished with 0 Errors
INFO: [Project 1-462] Please refer to the DRC report (report_drc) for more information.

Time (s): cpu = 00:00:00 ; elapsed = 00:00:00.255 . Memory (MB): peak = 654.867 ; gain = 11.348
INFO: [Timing 38-35] Done setting XDC timing constraints.

Starting Logic Optimization Task

Phase 1 Retarget
INFO: [Opt 31-138] Pushed 0 inverter(s) to 0 load pin(s).
INFO: [Opt 31-49] Retargeted 0 cell(s).
Phase 1 Retarget | Checksum: 11308bb47

Time (s): cpu = 00:00:00 ; elapsed = 00:00:00.008 . Memory (MB): peak = 1199.602 ; gain = 0.000
INFO: [Opt 31-389] Phase Retarget created 0 cells and removed 0 cells

Phase 2 Constant propagation
INFO: [Opt 31-138] Pushed 0 inverter(s) to 0 load pin(s).
Phase 2 Constant propagation | Checksum: 11308bb47

Time (s): cpu = 00:00:00 ; elapsed = 00:00:00.009 . Memory (MB): peak = 1199.602 ; gain = 0.000
INFO: [Opt 31-389] Phase Constant propagation created 0 cells and removed 0 cells

Phase 3 Sweep
Phase 3 Sweep | Checksum: 12c802c15

Time (s): cpu = 00:00:00 ; elapsed = 00:00:00.011 . Memory (MB): peak = 1199.602 ; gain = 0.000
INFO: [Opt 31-389] Phase Sweep created 0 cells and removed 0 cells

Phase 4 BUFG optimization
Phase 4 BUFG optimization | Checksum: 12c802c15

Time (s): cpu = 00:00:00 ; elapsed = 00:00:00.015 . Memory (MB): peak = 1199.602 ; gain = 0.000
INFO: [Opt 31-389] Phase BUFG optimization created 0 cells and removed 0 cells

Phase 5 Shift Register Optimization
Phase 5 Shift Register Optimization | Checksum: 12c802c15

Time (s): cpu = 00:00:00 ; elapsed = 00:00:00.016 . Memory (MB): peak = 1199.602 ; gain = 0.000
INFO: [Opt 31-389] Phase Shift Register Optimization created 0 cells and removed 0 cells

Starting Connectivity Check Task

Time (s): cpu = 00:00:00 ; elapsed = 00:00:00.001 . Memory (MB): peak = 1199.602 ; gain = 0.000
Ending Logic Optimization Task | Checksum: 12c802c15

Time (s): cpu = 00:00:00 ; elapsed = 00:00:00.017 . Memory (MB): peak = 1199.602 ; gain = 0.000

Starting Power Optimization Task
INFO: [Pwropt 34-132] Skipping clock gating for clocks with a period < 2.00 ns.
Ending Power Optimization Task | Checksum: 1928ee5ab

Time (s): cpu = 00:00:00 ; elapsed = 00:00:00.004 . Memory (MB): peak = 1199.602 ; gain = 0.000
INFO: [Common 17-83] Releasing license: Implementation
22 Infos, 0 Warnings, 0 Critical Warnings and 0 Errors encountered.
opt_design completed successfully
opt_design: Time (s): cpu = 00:00:05 ; elapsed = 00:00:05 . Memory (MB): peak = 1199.602 ; gain = 556.082
Writing placer database...
Writing XDEF routing.
Writing XDEF routing logical nets.
Writing XDEF routing special nets.
Write XDEF Complete: Time (s): cpu = 00:00:00 ; elapsed = 00:00:00.024 . Memory (MB): peak = 1199.602 ; gain = 0.000
INFO: [Common 17-1381] The checkpoint 'D:/course/DigitalDesign1/Experiment/0519ex4/ex4/ex4.runs/impl_1/top_opt.dcp' has been generated.
INFO: [runtcl-4] Executing : report_drc -file top_drc_opted.rpt -pb top_drc_opted.pb -rpx top_drc_opted.rpx
Command: report_drc -file top_drc_opted.rpt -pb top_drc_opted.pb -rpx top_drc_opted.rpx
INFO: [IP_Flow 19-234] Refreshing IP repositories
INFO: [IP_Flow 19-1704] No user IP repositories specified
INFO: [IP_Flow 19-2313] Loaded Vivado IP repository 'D:/Program/vivado/Vivado/2017.4/data/ip'.
INFO: [DRC 23-27] Running DRC with 2 threads
INFO: [Coretcl 2-168] The results of DRC are in file D:/course/DigitalDesign1/Experiment/0519ex4/ex4/ex4.runs/impl_1/top_drc_opted.rpt.
report_drc completed successfully
INFO: [Chipscope 16-241] No debug cores found in the current design.
Before running the implement_debug_core command, either use the Set Up Debug wizard (GUI mode)
or use the create_debug_core and connect_debug_core Tcl commands to insert debug cores into the design.
Command: place_design
Attempting to get a license for feature 'Implementation' and/or device 'xc7z020'
INFO: [Common 17-349] Got license for feature 'Implementation' and/or device 'xc7z020'
INFO: [DRC 23-27] Running DRC with 2 threads
INFO: [Vivado_Tcl 4-198] DRC finished with 0 Errors
INFO: [Vivado_Tcl 4-199] Please refer to the DRC report (report_drc) for more information.
Running DRC as a precondition to command place_design
INFO: [DRC 23-27] Running DRC with 2 threads
INFO: [Vivado_Tcl 4-198] DRC finished with 0 Errors
INFO: [Vivado_Tcl 4-199] Please refer to the DRC report (report_drc) for more information.

Starting Placer Task
INFO: [Place 30-611] Multithreading enabled for place_design using a maximum of 2 CPUs

Phase 1 Placer Initialization

Phase 1.1 Placer Initialization Netlist Sorting
Netlist sorting complete. Time (s): cpu = 00:00:00 ; elapsed = 00:00:00 . Memory (MB): peak = 1199.602 ; gain = 0.000
Phase 1.1 Placer Initialization Netlist Sorting | Checksum: 135a7eae1

Time (s): cpu = 00:00:00 ; elapsed = 00:00:00.002 . Memory (MB): peak = 1199.602 ; gain = 0.000
INFO: [Timing 38-35] Done setting XDC timing constraints.
INFO: [Opt 31-138] Pushed 0 inverter(s) to 0 load pin(s).
Netlist sorting complete. Time (s): cpu = 00:00:00 ; elapsed = 00:00:00.001 . Memory (MB): peak = 1199.602 ; gain = 0.000

Phase 1.2 IO Placement/ Clock Placement/ Build Placer Device
INFO: [Timing 38-35] Done setting XDC timing constraints.
Phase 1.2 IO Placement/ Clock Placement/ Build Placer Device | Checksum: 1522634c1

Time (s): cpu = 00:00:00 ; elapsed = 00:00:00.506 . Memory (MB): peak = 1199.602 ; gain = 0.000

Phase 1.3 Build Placer Netlist Model
Phase 1.3 Build Placer Netlist Model | Checksum: 22ee796e2

Time (s): cpu = 00:00:00 ; elapsed = 00:00:00.554 . Memory (MB): peak = 1199.602 ; gain = 0.000

Phase 1.4 Constrain Clocks/Macros
Phase 1.4 Constrain Clocks/Macros | Checksum: 22ee796e2

Time (s): cpu = 00:00:00 ; elapsed = 00:00:00.555 . Memory (MB): peak = 1199.602 ; gain = 0.000
Phase 1 Placer Initialization | Checksum: 22ee796e2

Time (s): cpu = 00:00:00 ; elapsed = 00:00:00.556 . Memory (MB): peak = 1199.602 ; gain = 0.000

Phase 2 Global Placement
Phase 2 Global Placement | Checksum: 16156e81e

Time (s): cpu = 00:00:01 ; elapsed = 00:00:00.783 . Memory (MB): peak = 1199.602 ; gain = 0.000

Phase 3 Detail Placement

Phase 3.1 Commit Multi Column Macros
Phase 3.1 Commit Multi Column Macros | Checksum: 16156e81e

Time (s): cpu = 00:00:01 ; elapsed = 00:00:00.785 . Memory (MB): peak = 1199.602 ; gain = 0.000

Phase 3.2 Commit Most Macros & LUTRAMs
Phase 3.2 Commit Most Macros & LUTRAMs | Checksum: 22158d8fc

Time (s): cpu = 00:00:01 ; elapsed = 00:00:00.822 . Memory (MB): peak = 1199.602 ; gain = 0.000

Phase 3.3 Area Swap Optimization
Phase 3.3 Area Swap Optimization | Checksum: 21cbde13a

Time (s): cpu = 00:00:01 ; elapsed = 00:00:00.826 . Memory (MB): peak = 1199.602 ; gain = 0.000

Phase 3.4 Pipeline Register Optimization
Phase 3.4 Pipeline Register Optimization | Checksum: 21cbde13a

Time (s): cpu = 00:00:01 ; elapsed = 00:00:00.827 . Memory (MB): peak = 1199.602 ; gain = 0.000

Phase 3.5 Small Shape Detail Placement
Phase 3.5 Small Shape Detail Placement | Checksum: 198d7290d

Time (s): cpu = 00:00:01 ; elapsed = 00:00:00.893 . Memory (MB): peak = 1199.602 ; gain = 0.000

Phase 3.6 Re-assign LUT pins
Phase 3.6 Re-assign LUT pins | Checksum: 1cd6d9f3d

Time (s): cpu = 00:00:01 ; elapsed = 00:00:00.895 . Memory (MB): peak = 1199.602 ; gain = 0.000

Phase 3.7 Pipeline Register Optimization
Phase 3.7 Pipeline Register Optimization | Checksum: 1cd6d9f3d

Time (s): cpu = 00:00:01 ; elapsed = 00:00:00.896 . Memory (MB): peak = 1199.602 ; gain = 0.000
Phase 3 Detail Placement | Checksum: 1cd6d9f3d

Time (s): cpu = 00:00:01 ; elapsed = 00:00:00.896 . Memory (MB): peak = 1199.602 ; gain = 0.000

Phase 4 Post Placement Optimization and Clean-Up

Phase 4.1 Post Commit Optimization
INFO: [Timing 38-35] Done setting XDC timing constraints.

Phase 4.1.1 Post Placement Optimization
Post Placement Optimization Initialization | Checksum: 177719c7d

Phase 4.1.1.1 BUFG Insertion
INFO: [Physopt 32-721] Multithreading enabled for phys_opt_design using a maximum of 2 CPUs
INFO: [Place 46-31] BUFG insertion identified 0 candidate nets, 0 success, 0 skipped for placement/routing, 0 skipped for timing, 0 skipped for netlist change reason.
Phase 4.1.1.1 BUFG Insertion | Checksum: 177719c7d

Time (s): cpu = 00:00:01 ; elapsed = 00:00:00.966 . Memory (MB): peak = 1221.602 ; gain = 22.000
INFO: [Place 30-746] Post Placement Timing Summary WNS=16.858. For the most accurate timing information please run report_timing.
Phase 4.1.1 Post Placement Optimization | Checksum: 12807a75e

Time (s): cpu = 00:00:01 ; elapsed = 00:00:00.968 . Memory (MB): peak = 1221.602 ; gain = 22.000
Phase 4.1 Post Commit Optimization | Checksum: 12807a75e

Time (s): cpu = 00:00:01 ; elapsed = 00:00:00.968 . Memory (MB): peak = 1221.602 ; gain = 22.000

Phase 4.2 Post Placement Cleanup
Phase 4.2 Post Placement Cleanup | Checksum: 12807a75e

Time (s): cpu = 00:00:01 ; elapsed = 00:00:00.970 . Memory (MB): peak = 1221.602 ; gain = 22.000

Phase 4.3 Placer Reporting
Phase 4.3 Placer Reporting | Checksum: 12807a75e

Time (s): cpu = 00:00:01 ; elapsed = 00:00:00.970 . Memory (MB): peak = 1221.602 ; gain = 22.000

Phase 4.4 Final Placement Cleanup
Phase 4.4 Final Placement Cleanup | Checksum: 1d6274ef6

Time (s): cpu = 00:00:01 ; elapsed = 00:00:00.973 . Memory (MB): peak = 1221.602 ; gain = 22.000
Phase 4 Post Placement Optimization and Clean-Up | Checksum: 1d6274ef6

Time (s): cpu = 00:00:01 ; elapsed = 00:00:00.973 . Memory (MB): peak = 1221.602 ; gain = 22.000
Ending Placer Task | Checksum: 1a688ec08

Time (s): cpu = 00:00:01 ; elapsed = 00:00:00.978 . Memory (MB): peak = 1221.602 ; gain = 22.000
INFO: [Common 17-83] Releasing license: Implementation
46 Infos, 0 Warnings, 0 Critical Warnings and 0 Errors encountered.
place_design completed successfully
Writing placer database...
Writing XDEF routing.
Writing XDEF routing logical nets.
Writing XDEF routing special nets.
Write XDEF Complete: Time (s): cpu = 00:00:00 ; elapsed = 00:00:00.028 . Memory (MB): peak = 1221.977 ; gain = 0.375
INFO: [Common 17-1381] The checkpoint 'D:/course/DigitalDesign1/Experiment/0519ex4/ex4/ex4.runs/impl_1/top_placed.dcp' has been generated.
INFO: [runtcl-4] Executing : report_io -file top_io_placed.rpt
report_io: Time (s): cpu = 00:00:00 ; elapsed = 00:00:00.028 . Memory (MB): peak = 1223.430 ; gain = 1.453
INFO: [runtcl-4] Executing : report_utilization -file top_utilization_placed.rpt -pb top_utilization_placed.pb
report_utilization: Time (s): cpu = 00:00:00 ; elapsed = 00:00:00.021 . Memory (MB): peak = 1223.430 ; gain = 0.000
INFO: [runtcl-4] Executing : report_control_sets -verbose -file top_control_sets_placed.rpt
report_control_sets: Time (s): cpu = 00:00:00 ; elapsed = 00:00:00.001 . Memory (MB): peak = 1223.430 ; gain = 0.000
Command: route_design
Attempting to get a license for feature 'Implementation' and/or device 'xc7z020'
INFO: [Common 17-349] Got license for feature 'Implementation' and/or device 'xc7z020'
Running DRC as a precondition to command route_design
INFO: [DRC 23-27] Running DRC with 2 threads
INFO: [Vivado_Tcl 4-198] DRC finished with 0 Errors
INFO: [Vivado_Tcl 4-199] Please refer to the DRC report (report_drc) for more information.


Starting Routing Task
INFO: [Route 35-254] Multithreading enabled for route_design using a maximum of 2 CPUs
Checksum: PlaceDB: e2b4b265 ConstDB: 0 ShapeSum: c3d439a3 RouteDB: 0

Phase 1 Build RT Design
Phase 1 Build RT Design | Checksum: 1481cea1a

Time (s): cpu = 00:00:15 ; elapsed = 00:00:14 . Memory (MB): peak = 1362.219 ; gain = 138.090
Post Restoration Checksum: NetGraph: e9010706 NumContArr: 5f1be314 Constraints: 0 Timing: 0

Phase 2 Router Initialization

Phase 2.1 Create Timer
Phase 2.1 Create Timer | Checksum: 1481cea1a

Time (s): cpu = 00:00:15 ; elapsed = 00:00:14 . Memory (MB): peak = 1362.219 ; gain = 138.090

Phase 2.2 Fix Topology Constraints
Phase 2.2 Fix Topology Constraints | Checksum: 1481cea1a

Time (s): cpu = 00:00:15 ; elapsed = 00:00:14 . Memory (MB): peak = 1362.219 ; gain = 138.090

Phase 2.3 Pre Route Cleanup
Phase 2.3 Pre Route Cleanup | Checksum: 1481cea1a

Time (s): cpu = 00:00:15 ; elapsed = 00:00:14 . Memory (MB): peak = 1362.219 ; gain = 138.090
 Number of Nodes with overlaps = 0

Phase 2.4 Update Timing
Phase 2.4 Update Timing | Checksum: 1c2f84ec1

Time (s): cpu = 00:00:15 ; elapsed = 00:00:14 . Memory (MB): peak = 1362.219 ; gain = 138.090
INFO: [Route 35-416] Intermediate Timing Summary | WNS=16.781 | TNS=0.000  | WHS=-0.135 | THS=-0.354 |

Phase 2 Router Initialization | Checksum: 1b557eaa9

Time (s): cpu = 00:00:15 ; elapsed = 00:00:14 . Memory (MB): peak = 1362.219 ; gain = 138.090

Phase 3 Initial Routing
Phase 3 Initial Routing | Checksum: 2150c5591

Time (s): cpu = 00:00:15 ; elapsed = 00:00:14 . Memory (MB): peak = 1362.219 ; gain = 138.090

Phase 4 Rip-up And Reroute

Phase 4.1 Global Iteration 0
 Number of Nodes with overlaps = 9
 Number of Nodes with overlaps = 0
INFO: [Route 35-416] Intermediate Timing Summary | WNS=16.307 | TNS=0.000  | WHS=N/A    | THS=N/A    |

Phase 4.1 Global Iteration 0 | Checksum: 105472d2a

Time (s): cpu = 00:00:15 ; elapsed = 00:00:14 . Memory (MB): peak = 1362.219 ; gain = 138.090
Phase 4 Rip-up And Reroute | Checksum: 105472d2a

Time (s): cpu = 00:00:15 ; elapsed = 00:00:14 . Memory (MB): peak = 1362.219 ; gain = 138.090

Phase 5 Delay and Skew Optimization

Phase 5.1 Delay CleanUp
Phase 5.1 Delay CleanUp | Checksum: 105472d2a

Time (s): cpu = 00:00:15 ; elapsed = 00:00:14 . Memory (MB): peak = 1362.219 ; gain = 138.090

Phase 5.2 Clock Skew Optimization
Phase 5.2 Clock Skew Optimization | Checksum: 105472d2a

Time (s): cpu = 00:00:15 ; elapsed = 00:00:14 . Memory (MB): peak = 1362.219 ; gain = 138.090
Phase 5 Delay and Skew Optimization | Checksum: 105472d2a

Time (s): cpu = 00:00:15 ; elapsed = 00:00:14 . Memory (MB): peak = 1362.219 ; gain = 138.090

Phase 6 Post Hold Fix

Phase 6.1 Hold Fix Iter

Phase 6.1.1 Update Timing
Phase 6.1.1 Update Timing | Checksum: 166a44fc0

Time (s): cpu = 00:00:15 ; elapsed = 00:00:14 . Memory (MB): peak = 1362.219 ; gain = 138.090
INFO: [Route 35-416] Intermediate Timing Summary | WNS=16.462 | TNS=0.000  | WHS=0.129  | THS=0.000  |

Phase 6.1 Hold Fix Iter | Checksum: 166a44fc0

Time (s): cpu = 00:00:15 ; elapsed = 00:00:14 . Memory (MB): peak = 1362.219 ; gain = 138.090
Phase 6 Post Hold Fix | Checksum: 166a44fc0

Time (s): cpu = 00:00:15 ; elapsed = 00:00:14 . Memory (MB): peak = 1362.219 ; gain = 138.090

Phase 7 Route finalize

Router Utilization Summary
  Global Vertical Routing Utilization    = 0.0470643 %
  Global Horizontal Routing Utilization  = 0.0105646 %
  Routable Net Status*
  *Does not include unroutable nets such as driverless and loadless.
  Run report_route_status for detailed report.
  Number of Failed Nets               = 0
  Number of Unrouted Nets             = 0
  Number of Partially Routed Nets     = 0
  Number of Node Overlaps             = 0

Phase 7 Route finalize | Checksum: 18e5aadf4

Time (s): cpu = 00:00:15 ; elapsed = 00:00:14 . Memory (MB): peak = 1362.219 ; gain = 138.090

Phase 8 Verifying routed nets

 Verification completed successfully
Phase 8 Verifying routed nets | Checksum: 18e5aadf4

Time (s): cpu = 00:00:15 ; elapsed = 00:00:14 . Memory (MB): peak = 1362.219 ; gain = 138.090

Phase 9 Depositing Routes
Phase 9 Depositing Routes | Checksum: 20a2feb45

Time (s): cpu = 00:00:15 ; elapsed = 00:00:14 . Memory (MB): peak = 1362.219 ; gain = 138.090

Phase 10 Post Router Timing
INFO: [Route 35-57] Estimated Timing Summary | WNS=16.462 | TNS=0.000  | WHS=0.129  | THS=0.000  |

INFO: [Route 35-327] The final timing numbers are based on the router estimated timing analysis. For a complete and accurate timing signoff, please run report_timing_summary.
Phase 10 Post Router Timing | Checksum: 20a2feb45

Time (s): cpu = 00:00:15 ; elapsed = 00:00:14 . Memory (MB): peak = 1362.219 ; gain = 138.090
INFO: [Route 35-16] Router Completed Successfully

Time (s): cpu = 00:00:15 ; elapsed = 00:00:14 . Memory (MB): peak = 1362.219 ; gain = 138.090

Routing Is Done.
INFO: [Common 17-83] Releasing license: Implementation
62 Infos, 0 Warnings, 0 Critical Warnings and 0 Errors encountered.
route_design completed successfully
route_design: Time (s): cpu = 00:00:16 ; elapsed = 00:00:14 . Memory (MB): peak = 1362.219 ; gain = 138.789
Writing placer database...
Writing XDEF routing.
Writing XDEF routing logical nets.
Writing XDEF routing special nets.
Write XDEF Complete: Time (s): cpu = 00:00:00 ; elapsed = 00:00:00.031 . Memory (MB): peak = 1362.219 ; gain = 0.000
INFO: [Common 17-1381] The checkpoint 'D:/course/DigitalDesign1/Experiment/0519ex4/ex4/ex4.runs/impl_1/top_routed.dcp' has been generated.
INFO: [runtcl-4] Executing : report_drc -file top_drc_routed.rpt -pb top_drc_routed.pb -rpx top_drc_routed.rpx
Command: report_drc -file top_drc_routed.rpt -pb top_drc_routed.pb -rpx top_drc_routed.rpx
INFO: [IP_Flow 19-1839] IP Catalog is up to date.
INFO: [DRC 23-27] Running DRC with 2 threads
INFO: [Coretcl 2-168] The results of DRC are in file D:/course/DigitalDesign1/Experiment/0519ex4/ex4/ex4.runs/impl_1/top_drc_routed.rpt.
report_drc completed successfully
INFO: [runtcl-4] Executing : report_methodology -file top_methodology_drc_routed.rpt -pb top_methodology_drc_routed.pb -rpx top_methodology_drc_routed.rpx
Command: report_methodology -file top_methodology_drc_routed.rpt -pb top_methodology_drc_routed.pb -rpx top_methodology_drc_routed.rpx
INFO: [Timing 38-35] Done setting XDC timing constraints.
INFO: [Timing 38-35] Done setting XDC timing constraints.
INFO: [DRC 23-133] Running Methodology with 2 threads
INFO: [Coretcl 2-1520] The results of Report Methodology are in file D:/course/DigitalDesign1/Experiment/0519ex4/ex4/ex4.runs/impl_1/top_methodology_drc_routed.rpt.
report_methodology completed successfully
INFO: [runtcl-4] Executing : report_power -file top_power_routed.rpt -pb top_power_summary_routed.pb -rpx top_power_routed.rpx
Command: report_power -file top_power_routed.rpt -pb top_power_summary_routed.pb -rpx top_power_routed.rpx
INFO: [Timing 38-35] Done setting XDC timing constraints.
Running Vector-less Activity Propagation...

Finished Running Vector-less Activity Propagation
74 Infos, 0 Warnings, 0 Critical Warnings and 0 Errors encountered.
report_power completed successfully
INFO: [runtcl-4] Executing : report_route_status -file top_route_status.rpt -pb top_route_status.pb
INFO: [runtcl-4] Executing : report_timing_summary -max_paths 10 -file top_timing_summary_routed.rpt -rpx top_timing_summary_routed.rpx -warn_on_violation 
INFO: [Timing 38-91] UpdateTimingParams: Speed grade: -1, Delay Type: min_max.
INFO: [Timing 38-191] Multithreading enabled for timing update using a maximum of 2 CPUs
INFO: [runtcl-4] Executing : report_incremental_reuse -file top_incremental_reuse_routed.rpt
INFO: [Vivado_Tcl 4-545] No incremental reuse to report, no incremental placement and routing data was found.
INFO: [runtcl-4] Executing : report_clock_utilization -file top_clock_utilization_routed.rpt
Command: write_bitstream -force top.bit
Attempting to get a license for feature 'Implementation' and/or device 'xc7z020'
INFO: [Common 17-349] Got license for feature 'Implementation' and/or device 'xc7z020'
Running DRC as a precondition to command write_bitstream
INFO: [IP_Flow 19-1839] IP Catalog is up to date.
INFO: [DRC 23-27] Running DRC with 2 threads
WARNING: [DRC ZPS7-1] PS7 block required: The PS7 cell must be used in this Zynq design in order to enable correct default configuration.
INFO: [Vivado 12-3199] DRC finished with 0 Errors, 1 Warnings
INFO: [Vivado 12-3200] Please refer to the DRC report (report_drc) for more information.
INFO: [Project 1-821] Please set project.enableDesignId to be 'true'.
INFO: [Designutils 20-2272] Running write_bitstream with 2 threads.
Loading data files...
Loading site data...
Loading route data...
Processing options...
Creating bitmap...
Creating bitstream...
Writing bitstream ./top.bit...
INFO: [Vivado 12-1842] Bitgen Completed Successfully.
INFO: [Project 1-120] WebTalk data collection is mandatory when using a WebPACK part without a full Vivado license. To see the specific WebTalk data collected for your design, open the usage_statistics_webtalk.html or usage_statistics_webtalk.xml file in the implementation directory.
INFO: [Common 17-83] Releasing license: Implementation
91 Infos, 1 Warnings, 0 Critical Warnings and 0 Errors encountered.
write_bitstream completed successfully
write_bitstream: Time (s): cpu = 00:00:08 ; elapsed = 00:00:08 . Memory (MB): peak = 1820.266 ; gain = 429.062
INFO: [Common 17-206] Exiting Vivado at Tue May 19 19:48:43 2026...
