Copyright 1986-2017 Xilinx, Inc. All Rights Reserved.
-----------------------------------------------------------------------------------------------------------------------------------------------
| Tool Version : Vivado v.2017.4 (win64) Build 2086221 Fri Dec 15 20:55:39 MST 2017
| Date         : Tue May 19 19:19:44 2026
| Host         : LAPTOP-21A831KV running 64-bit major release  (build 9200)
| Command      : report_timing_summary -max_paths 10 -file top_timing_summary_routed.rpt -rpx top_timing_summary_routed.rpx -warn_on_violation
| Design       : top
| Device       : 7z020-clg400
| Speed File   : -1  PRODUCTION 1.11 2014-09-11
-----------------------------------------------------------------------------------------------------------------------------------------------

Timing Summary Report

------------------------------------------------------------------------------------------------
| Timer Settings
| --------------
------------------------------------------------------------------------------------------------

  Enable Multi Corner Analysis               :  Yes
  Enable Pessimism Removal                   :  Yes
  Pessimism Removal Resolution               :  Nearest Common Node
  Enable Input Delay Default Clock           :  No
  Enable Preset / Clear Arcs                 :  No
  Disable Flight Delays                      :  No
  Ignore I/O Paths                           :  No
  Timing Early Launch at Borrowing Latches   :  false

  Corner  Analyze    Analyze    
  Name    Max Paths  Min Paths  
  ------  ---------  ---------  
  Slow    Yes        Yes        
  Fast    Yes        Yes        



check_timing report

Table of Contents
-----------------
1. checking no_clock
2. checking constant_clock
3. checking pulse_width_clock
4. checking unconstrained_internal_endpoints
5. checking no_input_delay
6. checking no_output_delay
7. checking multiple_clock
8. checking generated_clocks
9. checking loops
10. checking partial_input_delay
11. checking partial_output_delay
12. checking latch_loops

1. checking no_clock
--------------------
 There are 0 register/latch pins with no clock.


2. checking constant_clock
--------------------------
 There are 0 register/latch pins with constant_clock.


3. checking pulse_width_clock
-----------------------------
 There are 0 register/latch pins which need pulse_width check


4. checking unconstrained_internal_endpoints
--------------------------------------------
 There are 0 pins that are not constrained for maximum delay.

 There are 0 pins that are not constrained for maximum delay due to constant clock.


5. checking no_input_delay
--------------------------
 There is 1 input port with no input delay specified. (HIGH)

 There are 0 input ports with no input delay but user has a false path constraint.


6. checking no_output_delay
---------------------------
 There are 14 ports with no output delay specified. (HIGH)

 There are 0 ports with no output delay but user has a false path constraint

 There are 0 ports with no output delay but with a timing clock defined on it or propagating through it


7. checking multiple_clock
--------------------------
 There are 0 register/latch pins with multiple clocks.


8. checking generated_clocks
----------------------------
 There are 0 generated clocks that are not connected to a clock source.


9. checking loops
-----------------
 There are 0 combinational loops in the design.


10. checking partial_input_delay
--------------------------------
 There are 0 input ports with partial input delay specified.


11. checking partial_output_delay
---------------------------------
 There are 0 ports with partial output delay specified.


12. checking latch_loops
------------------------
 There are 0 combinational latch loops in the design through latch input



------------------------------------------------------------------------------------------------
| Design Timing Summary
| ---------------------
------------------------------------------------------------------------------------------------

    WNS(ns)      TNS(ns)  TNS Failing Endpoints  TNS Total Endpoints      WHS(ns)      THS(ns)  THS Failing Endpoints  THS Total Endpoints     WPWS(ns)     TPWS(ns)  TPWS Failing Endpoints  TPWS Total Endpoints  
    -------      -------  ---------------------  -------------------      -------      -------  ---------------------  -------------------     --------     --------  ----------------------  --------------------  
     16.701        0.000                      0                   66        0.180        0.000                      0                   66        9.500        0.000                       0                    28  


All user specified timing constraints are met.


------------------------------------------------------------------------------------------------
| Clock Summary
| -------------
------------------------------------------------------------------------------------------------

Clock    Waveform(ns)       Period(ns)      Frequency(MHz)
-----    ------------       ----------      --------------
sys_clk  {0.000 10.000}     20.000          50.000          


------------------------------------------------------------------------------------------------
| Intra Clock Table
| -----------------
------------------------------------------------------------------------------------------------

Clock             WNS(ns)      TNS(ns)  TNS Failing Endpoints  TNS Total Endpoints      WHS(ns)      THS(ns)  THS Failing Endpoints  THS Total Endpoints     WPWS(ns)     TPWS(ns)  TPWS Failing Endpoints  TPWS Total Endpoints  
-----             -------      -------  ---------------------  -------------------      -------      -------  ---------------------  -------------------     --------     --------  ----------------------  --------------------  
sys_clk            16.701        0.000                      0                   66        0.180        0.000                      0                   66        9.500        0.000                       0                    28  


------------------------------------------------------------------------------------------------
| Inter Clock Table
| -----------------
------------------------------------------------------------------------------------------------

From Clock    To Clock          WNS(ns)      TNS(ns)  TNS Failing Endpoints  TNS Total Endpoints      WHS(ns)      THS(ns)  THS Failing Endpoints  THS Total Endpoints  
----------    --------          -------      -------  ---------------------  -------------------      -------      -------  ---------------------  -------------------  


------------------------------------------------------------------------------------------------
| Other Path Groups Table
| -----------------------
------------------------------------------------------------------------------------------------

Path Group    From Clock    To Clock          WNS(ns)      TNS(ns)  TNS Failing Endpoints  TNS Total Endpoints      WHS(ns)      THS(ns)  THS Failing Endpoints  THS Total Endpoints  
----------    ----------    --------          -------      -------  ---------------------  -------------------      -------      -------  ---------------------  -------------------  


------------------------------------------------------------------------------------------------
| Timing Details
| --------------
------------------------------------------------------------------------------------------------


---------------------------------------------------------------------------------------------------
From Clock:  sys_clk
  To Clock:  sys_clk

Setup :            0  Failing Endpoints,  Worst Slack       16.701ns,  Total Violation        0.000ns
Hold  :            0  Failing Endpoints,  Worst Slack        0.180ns,  Total Violation        0.000ns
PW    :            0  Failing Endpoints,  Worst Slack        9.500ns,  Total Violation        0.000ns
---------------------------------------------------------------------------------------------------


Max Delay Paths
--------------------------------------------------------------------------------------
Slack (MET) :             16.701ns  (required time - arrival time)
  Source:                 cnt_reg[16]/C
                            (rising edge-triggered cell FDRE clocked by sys_clk  {rise@0.000ns fall@10.000ns period=20.000ns})
  Destination:            cnt_reg[16]/CE
                            (rising edge-triggered cell FDRE clocked by sys_clk  {rise@0.000ns fall@10.000ns period=20.000ns})
  Path Group:             sys_clk
  Path Type:              Setup (Max at Slow Process Corner)
  Requirement:            20.000ns  (sys_clk rise@20.000ns - sys_clk rise@0.000ns)
  Data Path Delay:        3.095ns  (logic 0.766ns (24.748%)  route 2.329ns (75.251%))
  Logic Levels:           2  (LUT6=2)
  Clock Path Skew:        0.000ns (DCD - SCD + CPR)
    Destination Clock Delay (DCD):    5.207ns = ( 25.207 - 20.000 ) 
    Source Clock Delay      (SCD):    5.667ns
    Clock Pessimism Removal (CPR):    0.460ns
  Clock Uncertainty:      0.035ns  ((TSJ^2 + TIJ^2)^1/2 + DJ) / 2 + PE
    Total System Jitter     (TSJ):    0.071ns
    Total Input Jitter      (TIJ):    0.000ns
    Discrete Jitter          (DJ):    0.000ns
    Phase Error              (PE):    0.000ns

    Location             Delay type                Incr(ns)  Path(ns)    Netlist Resource(s)
  -------------------------------------------------------------------    -------------------
                         (clock sys_clk rise edge)    0.000     0.000 r  
    U18                                               0.000     0.000 r  clk (IN)
                         net (fo=0)                   0.000     0.000    clk
    U18                  IBUF (Prop_ibuf_I_O)         1.498     1.498 r  clk_IBUF_inst/O
                         net (fo=1, routed)           2.205     3.703    clk_IBUF
    BUFGCTRL_X0Y16       BUFG (Prop_bufg_I_O)         0.101     3.804 r  clk_IBUF_BUFG_inst/O
                         net (fo=27, routed)          1.863     5.667    clk_IBUF_BUFG
    SLICE_X108Y94        FDRE                                         r  cnt_reg[16]/C
  -------------------------------------------------------------------    -------------------
    SLICE_X108Y94        FDRE (Prop_fdre_C_Q)         0.518     6.185 f  cnt_reg[16]/Q
                         net (fo=3, routed)           0.828     7.014    cnt_reg[16]
    SLICE_X109Y93        LUT6 (Prop_lut6_I5_O)        0.124     7.138 r  cnt[0]_i_4/O
                         net (fo=1, routed)           0.848     7.985    cnt[0]_i_4_n_0
    SLICE_X109Y92        LUT6 (Prop_lut6_I0_O)        0.124     8.109 r  cnt[0]_i_2/O
                         net (fo=20, routed)          0.653     8.763    sel
    SLICE_X108Y94        FDRE                                         r  cnt_reg[16]/CE
  -------------------------------------------------------------------    -------------------

                         (clock sys_clk rise edge)   20.000    20.000 r  
    U18                                               0.000    20.000 r  clk (IN)
                         net (fo=0)                   0.000    20.000    clk
    U18                  IBUF (Prop_ibuf_I_O)         1.428    21.428 r  clk_IBUF_inst/O
                         net (fo=1, routed)           2.006    23.434    clk_IBUF
    BUFGCTRL_X0Y16       BUFG (Prop_bufg_I_O)         0.091    23.525 r  clk_IBUF_BUFG_inst/O
                         net (fo=27, routed)          1.683    25.207    clk_IBUF_BUFG
    SLICE_X108Y94        FDRE                                         r  cnt_reg[16]/C
                         clock pessimism              0.460    25.667    
                         clock uncertainty           -0.035    25.632    
    SLICE_X108Y94        FDRE (Setup_fdre_C_CE)      -0.169    25.463    cnt_reg[16]
  -------------------------------------------------------------------
                         required time                         25.463    
                         arrival time                          -8.763    
  -------------------------------------------------------------------
                         slack                                 16.701    

Slack (MET) :             16.701ns  (required time - arrival time)
  Source:                 cnt_reg[16]/C
                            (rising edge-triggered cell FDRE clocked by sys_clk  {rise@0.000ns fall@10.000ns period=20.000ns})
  Destination:            cnt_reg[17]/CE
                            (rising edge-triggered cell FDRE clocked by sys_clk  {rise@0.000ns fall@10.000ns period=20.000ns})
  Path Group:             sys_clk
  Path Type:              Setup (Max at Slow Process Corner)
  Requirement:            20.000ns  (sys_clk rise@20.000ns - sys_clk rise@0.000ns)
  Data Path Delay:        3.095ns  (logic 0.766ns (24.748%)  route 2.329ns (75.251%))
  Logic Levels:           2  (LUT6=2)
  Clock Path Skew:        0.000ns (DCD - SCD + CPR)
    Destination Clock Delay (DCD):    5.207ns = ( 25.207 - 20.000 ) 
    Source Clock Delay      (SCD):    5.667ns
    Clock Pessimism Removal (CPR):    0.460ns
  Clock Uncertainty:      0.035ns  ((TSJ^2 + TIJ^2)^1/2 + DJ) / 2 + PE
    Total System Jitter     (TSJ):    0.071ns
    Total Input Jitter      (TIJ):    0.000ns
    Discrete Jitter          (DJ):    0.000ns
    Phase Error              (PE):    0.000ns

    Location             Delay type                Incr(ns)  Path(ns)    Netlist Resource(s)
  -------------------------------------------------------------------    -------------------
                         (clock sys_clk rise edge)    0.000     0.000 r  
    U18                                               0.000     0.000 r  clk (IN)
                         net (fo=0)                   0.000     0.000    clk
    U18                  IBUF (Prop_ibuf_I_O)         1.498     1.498 r  clk_IBUF_inst/O
                         net (fo=1, routed)           2.205     3.703    clk_IBUF
    BUFGCTRL_X0Y16       BUFG (Prop_bufg_I_O)         0.101     3.804 r  clk_IBUF_BUFG_inst/O
                         net (fo=27, routed)          1.863     5.667    clk_IBUF_BUFG
    SLICE_X108Y94        FDRE                                         r  cnt_reg[16]/C
  -------------------------------------------------------------------    -------------------
    SLICE_X108Y94        FDRE (Prop_fdre_C_Q)         0.518     6.185 f  cnt_reg[16]/Q
                         net (fo=3, routed)           0.828     7.014    cnt_reg[16]
    SLICE_X109Y93        LUT6 (Prop_lut6_I5_O)        0.124     7.138 r  cnt[0]_i_4/O
                         net (fo=1, routed)           0.848     7.985    cnt[0]_i_4_n_0
    SLICE_X109Y92        LUT6 (Prop_lut6_I0_O)        0.124     8.109 r  cnt[0]_i_2/O
                         net (fo=20, routed)          0.653     8.763    sel
    SLICE_X108Y94        FDRE                                         r  cnt_reg[17]/CE
  -------------------------------------------------------------------    -------------------

                         (clock sys_clk rise edge)   20.000    20.000 r  
    U18                                               0.000    20.000 r  clk (IN)
                         net (fo=0)                   0.000    20.000    clk
    U18                  IBUF (Prop_ibuf_I_O)         1.428    21.428 r  clk_IBUF_inst/O
                         net (fo=1, routed)           2.006    23.434    clk_IBUF
    BUFGCTRL_X0Y16       BUFG (Prop_bufg_I_O)         0.091    23.525 r  clk_IBUF_BUFG_inst/O
                         net (fo=27, routed)          1.683    25.207    clk_IBUF_BUFG
    SLICE_X108Y94        FDRE                                         r  cnt_reg[17]/C
                         clock pessimism              0.460    25.667    
                         clock uncertainty           -0.035    25.632    
    SLICE_X108Y94        FDRE (Setup_fdre_C_CE)      -0.169    25.463    cnt_reg[17]
  -------------------------------------------------------------------
                         required time                         25.463    
                         arrival time                          -8.763    
  -------------------------------------------------------------------
                         slack                                 16.701    

Slack (MET) :             16.701ns  (required time - arrival time)
  Source:                 cnt_reg[16]/C
                            (rising edge-triggered cell FDRE clocked by sys_clk  {rise@0.000ns fall@10.000ns period=20.000ns})
  Destination:            cnt_reg[18]/CE
                            (rising edge-triggered cell FDRE clocked by sys_clk  {rise@0.000ns fall@10.000ns period=20.000ns})
  Path Group:             sys_clk
  Path Type:              Setup (Max at Slow Process Corner)
  Requirement:            20.000ns  (sys_clk rise@20.000ns - sys_clk rise@0.000ns)
  Data Path Delay:        3.095ns  (logic 0.766ns (24.748%)  route 2.329ns (75.251%))
  Logic Levels:           2  (LUT6=2)
  Clock Path Skew:        0.000ns (DCD - SCD + CPR)
    Destination Clock Delay (DCD):    5.207ns = ( 25.207 - 20.000 ) 
    Source Clock Delay      (SCD):    5.667ns
    Clock Pessimism Removal (CPR):    0.460ns
  Clock Uncertainty:      0.035ns  ((TSJ^2 + TIJ^2)^1/2 + DJ) / 2 + PE
    Total System Jitter     (TSJ):    0.071ns
    Total Input Jitter      (TIJ):    0.000ns
    Discrete Jitter          (DJ):    0.000ns
    Phase Error              (PE):    0.000ns

    Location             Delay type                Incr(ns)  Path(ns)    Netlist Resource(s)
  -------------------------------------------------------------------    -------------------
                         (clock sys_clk rise edge)    0.000     0.000 r  
    U18                                               0.000     0.000 r  clk (IN)
                         net (fo=0)                   0.000     0.000    clk
    U18                  IBUF (Prop_ibuf_I_O)         1.498     1.498 r  clk_IBUF_inst/O
                         net (fo=1, routed)           2.205     3.703    clk_IBUF
    BUFGCTRL_X0Y16       BUFG (Prop_bufg_I_O)         0.101     3.804 r  clk_IBUF_BUFG_inst/O
                         net (fo=27, routed)          1.863     5.667    clk_IBUF_BUFG
    SLICE_X108Y94        FDRE                                         r  cnt_reg[16]/C
  -------------------------------------------------------------------    -------------------
    SLICE_X108Y94        FDRE (Prop_fdre_C_Q)         0.518     6.185 f  cnt_reg[16]/Q
                         net (fo=3, routed)           0.828     7.014    cnt_reg[16]
    SLICE_X109Y93        LUT6 (Prop_lut6_I5_O)        0.124     7.138 r  cnt[0]_i_4/O
                         net (fo=1, routed)           0.848     7.985    cnt[0]_i_4_n_0
    SLICE_X109Y92        LUT6 (Prop_lut6_I0_O)        0.124     8.109 r  cnt[0]_i_2/O
                         net (fo=20, routed)          0.653     8.763    sel
    SLICE_X108Y94        FDRE                                         r  cnt_reg[18]/CE
  -------------------------------------------------------------------    -------------------

                         (clock sys_clk rise edge)   20.000    20.000 r  
    U18                                               0.000    20.000 r  clk (IN)
                         net (fo=0)                   0.000    20.000    clk
    U18                  IBUF (Prop_ibuf_I_O)         1.428    21.428 r  clk_IBUF_inst/O
                         net (fo=1, routed)           2.006    23.434    clk_IBUF
    BUFGCTRL_X0Y16       BUFG (Prop_bufg_I_O)         0.091    23.525 r  clk_IBUF_BUFG_inst/O
                         net (fo=27, routed)          1.683    25.207    clk_IBUF_BUFG
    SLICE_X108Y94        FDRE                                         r  cnt_reg[18]/C
                         clock pessimism              0.460    25.667    
                         clock uncertainty           -0.035    25.632    
    SLICE_X108Y94        FDRE (Setup_fdre_C_CE)      -0.169    25.463    cnt_reg[18]
  -------------------------------------------------------------------
                         required time                         25.463    
                         arrival time                          -8.763    
  -------------------------------------------------------------------
                         slack                                 16.701    

Slack (MET) :             16.701ns  (required time - arrival time)
  Source:                 cnt_reg[16]/C
                            (rising edge-triggered cell FDRE clocked by sys_clk  {rise@0.000ns fall@10.000ns period=20.000ns})
  Destination:            cnt_reg[19]/CE
                            (rising edge-triggered cell FDRE clocked by sys_clk  {rise@0.000ns fall@10.000ns period=20.000ns})
  Path Group:             sys_clk
  Path Type:              Setup (Max at Slow Process Corner)
  Requirement:            20.000ns  (sys_clk rise@20.000ns - sys_clk rise@0.000ns)
  Data Path Delay:        3.095ns  (logic 0.766ns (24.748%)  route 2.329ns (75.251%))
  Logic Levels:           2  (LUT6=2)
  Clock Path Skew:        0.000ns (DCD - SCD + CPR)
    Destination Clock Delay (DCD):    5.207ns = ( 25.207 - 20.000 ) 
    Source Clock Delay      (SCD):    5.667ns
    Clock Pessimism Removal (CPR):    0.460ns
  Clock Uncertainty:      0.035ns  ((TSJ^2 + TIJ^2)^1/2 + DJ) / 2 + PE
    Total System Jitter     (TSJ):    0.071ns
    Total Input Jitter      (TIJ):    0.000ns
    Discrete Jitter          (DJ):    0.000ns
    Phase Error              (PE):    0.000ns

    Location             Delay type                Incr(ns)  Path(ns)    Netlist Resource(s)
  -------------------------------------------------------------------    -------------------
                         (clock sys_clk rise edge)    0.000     0.000 r  
    U18                                               0.000     0.000 r  clk (IN)
                         net (fo=0)                   0.000     0.000    clk
    U18                  IBUF (Prop_ibuf_I_O)         1.498     1.498 r  clk_IBUF_inst/O
                         net (fo=1, routed)           2.205     3.703    clk_IBUF
    BUFGCTRL_X0Y16       BUFG (Prop_bufg_I_O)         0.101     3.804 r  clk_IBUF_BUFG_inst/O
                         net (fo=27, routed)          1.863     5.667    clk_IBUF_BUFG
    SLICE_X108Y94        FDRE                                         r  cnt_reg[16]/C
  -------------------------------------------------------------------    -------------------
    SLICE_X108Y94        FDRE (Prop_fdre_C_Q)         0.518     6.185 f  cnt_reg[16]/Q
                         net (fo=3, routed)           0.828     7.014    cnt_reg[16]
    SLICE_X109Y93        LUT6 (Prop_lut6_I5_O)        0.124     7.138 r  cnt[0]_i_4/O
                         net (fo=1, routed)           0.848     7.985    cnt[0]_i_4_n_0
    SLICE_X109Y92        LUT6 (Prop_lut6_I0_O)        0.124     8.109 r  cnt[0]_i_2/O
                         net (fo=20, routed)          0.653     8.763    sel
    SLICE_X108Y94        FDRE                                         r  cnt_reg[19]/CE
  -------------------------------------------------------------------    -------------------

                         (clock sys_clk rise edge)   20.000    20.000 r  
    U18                                               0.000    20.000 r  clk (IN)
                         net (fo=0)                   0.000    20.000    clk
    U18                  IBUF (Prop_ibuf_I_O)         1.428    21.428 r  clk_IBUF_inst/O
                         net (fo=1, routed)           2.006    23.434    clk_IBUF
    BUFGCTRL_X0Y16       BUFG (Prop_bufg_I_O)         0.091    23.525 r  clk_IBUF_BUFG_inst/O
                         net (fo=27, routed)          1.683    25.207    clk_IBUF_BUFG
    SLICE_X108Y94        FDRE                                         r  cnt_reg[19]/C
                         clock pessimism              0.460    25.667    
                         clock uncertainty           -0.035    25.632    
    SLICE_X108Y94        FDRE (Setup_fdre_C_CE)      -0.169    25.463    cnt_reg[19]
  -------------------------------------------------------------------
                         required time                         25.463    
                         arrival time                          -8.763    
  -------------------------------------------------------------------
                         slack                                 16.701    

Slack (MET) :             16.766ns  (required time - arrival time)
  Source:                 cnt_reg[16]/C
                            (rising edge-triggered cell FDRE clocked by sys_clk  {rise@0.000ns fall@10.000ns period=20.000ns})
  Destination:            cnt_reg[10]/CE
                            (rising edge-triggered cell FDRE clocked by sys_clk  {rise@0.000ns fall@10.000ns period=20.000ns})
  Path Group:             sys_clk
  Path Type:              Setup (Max at Slow Process Corner)
  Requirement:            20.000ns  (sys_clk rise@20.000ns - sys_clk rise@0.000ns)
  Data Path Delay:        3.004ns  (logic 0.766ns (25.502%)  route 2.238ns (74.498%))
  Logic Levels:           2  (LUT6=2)
  Clock Path Skew:        -0.026ns (DCD - SCD + CPR)
    Destination Clock Delay (DCD):    5.206ns = ( 25.206 - 20.000 ) 
    Source Clock Delay      (SCD):    5.667ns
    Clock Pessimism Removal (CPR):    0.435ns
  Clock Uncertainty:      0.035ns  ((TSJ^2 + TIJ^2)^1/2 + DJ) / 2 + PE
    Total System Jitter     (TSJ):    0.071ns
    Total Input Jitter      (TIJ):    0.000ns
    Discrete Jitter          (DJ):    0.000ns
    Phase Error              (PE):    0.000ns

    Location             Delay type                Incr(ns)  Path(ns)    Netlist Resource(s)
  -------------------------------------------------------------------    -------------------
                         (clock sys_clk rise edge)    0.000     0.000 r  
    U18                                               0.000     0.000 r  clk (IN)
                         net (fo=0)                   0.000     0.000    clk
    U18                  IBUF (Prop_ibuf_I_O)         1.498     1.498 r  clk_IBUF_inst/O
                         net (fo=1, routed)           2.205     3.703    clk_IBUF
    BUFGCTRL_X0Y16       BUFG (Prop_bufg_I_O)         0.101     3.804 r  clk_IBUF_BUFG_inst/O
                         net (fo=27, routed)          1.863     5.667    clk_IBUF_BUFG
    SLICE_X108Y94        FDRE                                         r  cnt_reg[16]/C
  -------------------------------------------------------------------    -------------------
    SLICE_X108Y94        FDRE (Prop_fdre_C_Q)         0.518     6.185 f  cnt_reg[16]/Q
                         net (fo=3, routed)           0.828     7.014    cnt_reg[16]
    SLICE_X109Y93        LUT6 (Prop_lut6_I5_O)        0.124     7.138 r  cnt[0]_i_4/O
                         net (fo=1, routed)           0.848     7.985    cnt[0]_i_4_n_0
    SLICE_X109Y92        LUT6 (Prop_lut6_I0_O)        0.124     8.109 r  cnt[0]_i_2/O
                         net (fo=20, routed)          0.562     8.671    sel
    SLICE_X108Y92        FDRE                                         r  cnt_reg[10]/CE
  -------------------------------------------------------------------    -------------------

                         (clock sys_clk rise edge)   20.000    20.000 r  
    U18                                               0.000    20.000 r  clk (IN)
                         net (fo=0)                   0.000    20.000    clk
    U18                  IBUF (Prop_ibuf_I_O)         1.428    21.428 r  clk_IBUF_inst/O
                         net (fo=1, routed)           2.006    23.434    clk_IBUF
    BUFGCTRL_X0Y16       BUFG (Prop_bufg_I_O)         0.091    23.525 r  clk_IBUF_BUFG_inst/O
                         net (fo=27, routed)          1.682    25.206    clk_IBUF_BUFG
    SLICE_X108Y92        FDRE                                         r  cnt_reg[10]/C
                         clock pessimism              0.435    25.641    
                         clock uncertainty           -0.035    25.606    
    SLICE_X108Y92        FDRE (Setup_fdre_C_CE)      -0.169    25.437    cnt_reg[10]
  -------------------------------------------------------------------
                         required time                         25.437    
                         arrival time                          -8.671    
  -------------------------------------------------------------------
                         slack                                 16.766    

Slack (MET) :             16.766ns  (required time - arrival time)
  Source:                 cnt_reg[16]/C
                            (rising edge-triggered cell FDRE clocked by sys_clk  {rise@0.000ns fall@10.000ns period=20.000ns})
  Destination:            cnt_reg[11]/CE
                            (rising edge-triggered cell FDRE clocked by sys_clk  {rise@0.000ns fall@10.000ns period=20.000ns})
  Path Group:             sys_clk
  Path Type:              Setup (Max at Slow Process Corner)
  Requirement:            20.000ns  (sys_clk rise@20.000ns - sys_clk rise@0.000ns)
  Data Path Delay:        3.004ns  (logic 0.766ns (25.502%)  route 2.238ns (74.498%))
  Logic Levels:           2  (LUT6=2)
  Clock Path Skew:        -0.026ns (DCD - SCD + CPR)
    Destination Clock Delay (DCD):    5.206ns = ( 25.206 - 20.000 ) 
    Source Clock Delay      (SCD):    5.667ns
    Clock Pessimism Removal (CPR):    0.435ns
  Clock Uncertainty:      0.035ns  ((TSJ^2 + TIJ^2)^1/2 + DJ) / 2 + PE
    Total System Jitter     (TSJ):    0.071ns
    Total Input Jitter      (TIJ):    0.000ns
    Discrete Jitter          (DJ):    0.000ns
    Phase Error              (PE):    0.000ns

    Location             Delay type                Incr(ns)  Path(ns)    Netlist Resource(s)
  -------------------------------------------------------------------    -------------------
                         (clock sys_clk rise edge)    0.000     0.000 r  
    U18                                               0.000     0.000 r  clk (IN)
                         net (fo=0)                   0.000     0.000    clk
    U18                  IBUF (Prop_ibuf_I_O)         1.498     1.498 r  clk_IBUF_inst/O
                         net (fo=1, routed)           2.205     3.703    clk_IBUF
    BUFGCTRL_X0Y16       BUFG (Prop_bufg_I_O)         0.101     3.804 r  clk_IBUF_BUFG_inst/O
                         net (fo=27, routed)          1.863     5.667    clk_IBUF_BUFG
    SLICE_X108Y94        FDRE                                         r  cnt_reg[16]/C
  -------------------------------------------------------------------    -------------------
    SLICE_X108Y94        FDRE (Prop_fdre_C_Q)         0.518     6.185 f  cnt_reg[16]/Q
                         net (fo=3, routed)           0.828     7.014    cnt_reg[16]
    SLICE_X109Y93        LUT6 (Prop_lut6_I5_O)        0.124     7.138 r  cnt[0]_i_4/O
                         net (fo=1, routed)           0.848     7.985    cnt[0]_i_4_n_0
    SLICE_X109Y92        LUT6 (Prop_lut6_I0_O)        0.124     8.109 r  cnt[0]_i_2/O
                         net (fo=20, routed)          0.562     8.671    sel
    SLICE_X108Y92        FDRE                                         r  cnt_reg[11]/CE
  -------------------------------------------------------------------    -------------------

                         (clock sys_clk rise edge)   20.000    20.000 r  
    U18                                               0.000    20.000 r  clk (IN)
                         net (fo=0)                   0.000    20.000    clk
    U18                  IBUF (Prop_ibuf_I_O)         1.428    21.428 r  clk_IBUF_inst/O
                         net (fo=1, routed)           2.006    23.434    clk_IBUF
    BUFGCTRL_X0Y16       BUFG (Prop_bufg_I_O)         0.091    23.525 r  clk_IBUF_BUFG_inst/O
                         net (fo=27, routed)          1.682    25.206    clk_IBUF_BUFG
    SLICE_X108Y92        FDRE                                         r  cnt_reg[11]/C
                         clock pessimism              0.435    25.641    
                         clock uncertainty           -0.035    25.606    
    SLICE_X108Y92        FDRE (Setup_fdre_C_CE)      -0.169    25.437    cnt_reg[11]
  -------------------------------------------------------------------
                         required time                         25.437    
                         arrival time                          -8.671    
  -------------------------------------------------------------------
                         slack                                 16.766    

Slack (MET) :             16.766ns  (required time - arrival time)
  Source:                 cnt_reg[16]/C
                            (rising edge-triggered cell FDRE clocked by sys_clk  {rise@0.000ns fall@10.000ns period=20.000ns})
  Destination:            cnt_reg[8]/CE
                            (rising edge-triggered cell FDRE clocked by sys_clk  {rise@0.000ns fall@10.000ns period=20.000ns})
  Path Group:             sys_clk
  Path Type:              Setup (Max at Slow Process Corner)
  Requirement:            20.000ns  (sys_clk rise@20.000ns - sys_clk rise@0.000ns)
  Data Path Delay:        3.004ns  (logic 0.766ns (25.502%)  route 2.238ns (74.498%))
  Logic Levels:           2  (LUT6=2)
  Clock Path Skew:        -0.026ns (DCD - SCD + CPR)
    Destination Clock Delay (DCD):    5.206ns = ( 25.206 - 20.000 ) 
    Source Clock Delay      (SCD):    5.667ns
    Clock Pessimism Removal (CPR):    0.435ns
  Clock Uncertainty:      0.035ns  ((TSJ^2 + TIJ^2)^1/2 + DJ) / 2 + PE
    Total System Jitter     (TSJ):    0.071ns
    Total Input Jitter      (TIJ):    0.000ns
    Discrete Jitter          (DJ):    0.000ns
    Phase Error              (PE):    0.000ns

    Location             Delay type                Incr(ns)  Path(ns)    Netlist Resource(s)
  -------------------------------------------------------------------    -------------------
                         (clock sys_clk rise edge)    0.000     0.000 r  
    U18                                               0.000     0.000 r  clk (IN)
                         net (fo=0)                   0.000     0.000    clk
    U18                  IBUF (Prop_ibuf_I_O)         1.498     1.498 r  clk_IBUF_inst/O
                         net (fo=1, routed)           2.205     3.703    clk_IBUF
    BUFGCTRL_X0Y16       BUFG (Prop_bufg_I_O)         0.101     3.804 r  clk_IBUF_BUFG_inst/O
                         net (fo=27, routed)          1.863     5.667    clk_IBUF_BUFG
    SLICE_X108Y94        FDRE                                         r  cnt_reg[16]/C
  -------------------------------------------------------------------    -------------------
    SLICE_X108Y94        FDRE (Prop_fdre_C_Q)         0.518     6.185 f  cnt_reg[16]/Q
                         net (fo=3, routed)           0.828     7.014    cnt_reg[16]
    SLICE_X109Y93        LUT6 (Prop_lut6_I5_O)        0.124     7.138 r  cnt[0]_i_4/O
                         net (fo=1, routed)           0.848     7.985    cnt[0]_i_4_n_0
    SLICE_X109Y92        LUT6 (Prop_lut6_I0_O)        0.124     8.109 r  cnt[0]_i_2/O
                         net (fo=20, routed)          0.562     8.671    sel
    SLICE_X108Y92        FDRE                                         r  cnt_reg[8]/CE
  -------------------------------------------------------------------    -------------------

                         (clock sys_clk rise edge)   20.000    20.000 r  
    U18                                               0.000    20.000 r  clk (IN)
                         net (fo=0)                   0.000    20.000    clk
    U18                  IBUF (Prop_ibuf_I_O)         1.428    21.428 r  clk_IBUF_inst/O
                         net (fo=1, routed)           2.006    23.434    clk_IBUF
    BUFGCTRL_X0Y16       BUFG (Prop_bufg_I_O)         0.091    23.525 r  clk_IBUF_BUFG_inst/O
                         net (fo=27, routed)          1.682    25.206    clk_IBUF_BUFG
    SLICE_X108Y92        FDRE                                         r  cnt_reg[8]/C
                         clock pessimism              0.435    25.641    
                         clock uncertainty           -0.035    25.606    
    SLICE_X108Y92        FDRE (Setup_fdre_C_CE)      -0.169    25.437    cnt_reg[8]
  -------------------------------------------------------------------
                         required time                         25.437    
                         arrival time                          -8.671    
  -------------------------------------------------------------------
                         slack                                 16.766    

Slack (MET) :             16.766ns  (required time - arrival time)
  Source:                 cnt_reg[16]/C
                            (rising edge-triggered cell FDRE clocked by sys_clk  {rise@0.000ns fall@10.000ns period=20.000ns})
  Destination:            cnt_reg[9]/CE
                            (rising edge-triggered cell FDRE clocked by sys_clk  {rise@0.000ns fall@10.000ns period=20.000ns})
  Path Group:             sys_clk
  Path Type:              Setup (Max at Slow Process Corner)
  Requirement:            20.000ns  (sys_clk rise@20.000ns - sys_clk rise@0.000ns)
  Data Path Delay:        3.004ns  (logic 0.766ns (25.502%)  route 2.238ns (74.498%))
  Logic Levels:           2  (LUT6=2)
  Clock Path Skew:        -0.026ns (DCD - SCD + CPR)
    Destination Clock Delay (DCD):    5.206ns = ( 25.206 - 20.000 ) 
    Source Clock Delay      (SCD):    5.667ns
    Clock Pessimism Removal (CPR):    0.435ns
  Clock Uncertainty:      0.035ns  ((TSJ^2 + TIJ^2)^1/2 + DJ) / 2 + PE
    Total System Jitter     (TSJ):    0.071ns
    Total Input Jitter      (TIJ):    0.000ns
    Discrete Jitter          (DJ):    0.000ns
    Phase Error              (PE):    0.000ns

    Location             Delay type                Incr(ns)  Path(ns)    Netlist Resource(s)
  -------------------------------------------------------------------    -------------------
                         (clock sys_clk rise edge)    0.000     0.000 r  
    U18                                               0.000     0.000 r  clk (IN)
                         net (fo=0)                   0.000     0.000    clk
    U18                  IBUF (Prop_ibuf_I_O)         1.498     1.498 r  clk_IBUF_inst/O
                         net (fo=1, routed)           2.205     3.703    clk_IBUF
    BUFGCTRL_X0Y16       BUFG (Prop_bufg_I_O)         0.101     3.804 r  clk_IBUF_BUFG_inst/O
                         net (fo=27, routed)          1.863     5.667    clk_IBUF_BUFG
    SLICE_X108Y94        FDRE                                         r  cnt_reg[16]/C
  -------------------------------------------------------------------    -------------------
    SLICE_X108Y94        FDRE (Prop_fdre_C_Q)         0.518     6.185 f  cnt_reg[16]/Q
                         net (fo=3, routed)           0.828     7.014    cnt_reg[16]
    SLICE_X109Y93        LUT6 (Prop_lut6_I5_O)        0.124     7.138 r  cnt[0]_i_4/O
                         net (fo=1, routed)           0.848     7.985    cnt[0]_i_4_n_0
    SLICE_X109Y92        LUT6 (Prop_lut6_I0_O)        0.124     8.109 r  cnt[0]_i_2/O
                         net (fo=20, routed)          0.562     8.671    sel
    SLICE_X108Y92        FDRE                                         r  cnt_reg[9]/CE
  -------------------------------------------------------------------    -------------------

                         (clock sys_clk rise edge)   20.000    20.000 r  
    U18                                               0.000    20.000 r  clk (IN)
                         net (fo=0)                   0.000    20.000    clk
    U18                  IBUF (Prop_ibuf_I_O)         1.428    21.428 r  clk_IBUF_inst/O
                         net (fo=1, routed)           2.006    23.434    clk_IBUF
    BUFGCTRL_X0Y16       BUFG (Prop_bufg_I_O)         0.091    23.525 r  clk_IBUF_BUFG_inst/O
                         net (fo=27, routed)          1.682    25.206    clk_IBUF_BUFG
    SLICE_X108Y92        FDRE                                         r  cnt_reg[9]/C
                         clock pessimism              0.435    25.641    
                         clock uncertainty           -0.035    25.606    
    SLICE_X108Y92        FDRE (Setup_fdre_C_CE)      -0.169    25.437    cnt_reg[9]
  -------------------------------------------------------------------
                         required time                         25.437    
                         arrival time                          -8.671    
  -------------------------------------------------------------------
                         slack                                 16.766    

Slack (MET) :             16.767ns  (required time - arrival time)
  Source:                 cnt_reg[16]/C
                            (rising edge-triggered cell FDRE clocked by sys_clk  {rise@0.000ns fall@10.000ns period=20.000ns})
  Destination:            cnt_reg[12]/CE
                            (rising edge-triggered cell FDRE clocked by sys_clk  {rise@0.000ns fall@10.000ns period=20.000ns})
  Path Group:             sys_clk
  Path Type:              Setup (Max at Slow Process Corner)
  Requirement:            20.000ns  (sys_clk rise@20.000ns - sys_clk rise@0.000ns)
  Data Path Delay:        3.004ns  (logic 0.766ns (25.502%)  route 2.238ns (74.498%))
  Logic Levels:           2  (LUT6=2)
  Clock Path Skew:        -0.025ns (DCD - SCD + CPR)
    Destination Clock Delay (DCD):    5.207ns = ( 25.207 - 20.000 ) 
    Source Clock Delay      (SCD):    5.667ns
    Clock Pessimism Removal (CPR):    0.435ns
  Clock Uncertainty:      0.035ns  ((TSJ^2 + TIJ^2)^1/2 + DJ) / 2 + PE
    Total System Jitter     (TSJ):    0.071ns
    Total Input Jitter      (TIJ):    0.000ns
    Discrete Jitter          (DJ):    0.000ns
    Phase Error              (PE):    0.000ns

    Location             Delay type                Incr(ns)  Path(ns)    Netlist Resource(s)
  -------------------------------------------------------------------    -------------------
                         (clock sys_clk rise edge)    0.000     0.000 r  
    U18                                               0.000     0.000 r  clk (IN)
                         net (fo=0)                   0.000     0.000    clk
    U18                  IBUF (Prop_ibuf_I_O)         1.498     1.498 r  clk_IBUF_inst/O
                         net (fo=1, routed)           2.205     3.703    clk_IBUF
    BUFGCTRL_X0Y16       BUFG (Prop_bufg_I_O)         0.101     3.804 r  clk_IBUF_BUFG_inst/O
                         net (fo=27, routed)          1.863     5.667    clk_IBUF_BUFG
    SLICE_X108Y94        FDRE                                         r  cnt_reg[16]/C
  -------------------------------------------------------------------    -------------------
    SLICE_X108Y94        FDRE (Prop_fdre_C_Q)         0.518     6.185 f  cnt_reg[16]/Q
                         net (fo=3, routed)           0.828     7.014    cnt_reg[16]
    SLICE_X109Y93        LUT6 (Prop_lut6_I5_O)        0.124     7.138 r  cnt[0]_i_4/O
                         net (fo=1, routed)           0.848     7.985    cnt[0]_i_4_n_0
    SLICE_X109Y92        LUT6 (Prop_lut6_I0_O)        0.124     8.109 r  cnt[0]_i_2/O
                         net (fo=20, routed)          0.562     8.671    sel
    SLICE_X108Y93        FDRE                                         r  cnt_reg[12]/CE
  -------------------------------------------------------------------    -------------------

                         (clock sys_clk rise edge)   20.000    20.000 r  
    U18                                               0.000    20.000 r  clk (IN)
                         net (fo=0)                   0.000    20.000    clk
    U18                  IBUF (Prop_ibuf_I_O)         1.428    21.428 r  clk_IBUF_inst/O
                         net (fo=1, routed)           2.006    23.434    clk_IBUF
    BUFGCTRL_X0Y16       BUFG (Prop_bufg_I_O)         0.091    23.525 r  clk_IBUF_BUFG_inst/O
                         net (fo=27, routed)          1.683    25.207    clk_IBUF_BUFG
    SLICE_X108Y93        FDRE                                         r  cnt_reg[12]/C
                         clock pessimism              0.435    25.642    
                         clock uncertainty           -0.035    25.607    
    SLICE_X108Y93        FDRE (Setup_fdre_C_CE)      -0.169    25.438    cnt_reg[12]
  -------------------------------------------------------------------
                         required time                         25.438    
                         arrival time                          -8.671    
  -------------------------------------------------------------------
                         slack                                 16.767    

Slack (MET) :             16.767ns  (required time - arrival time)
  Source:                 cnt_reg[16]/C
                            (rising edge-triggered cell FDRE clocked by sys_clk  {rise@0.000ns fall@10.000ns period=20.000ns})
  Destination:            cnt_reg[13]/CE
                            (rising edge-triggered cell FDRE clocked by sys_clk  {rise@0.000ns fall@10.000ns period=20.000ns})
  Path Group:             sys_clk
  Path Type:              Setup (Max at Slow Process Corner)
  Requirement:            20.000ns  (sys_clk rise@20.000ns - sys_clk rise@0.000ns)
  Data Path Delay:        3.004ns  (logic 0.766ns (25.502%)  route 2.238ns (74.498%))
  Logic Levels:           2  (LUT6=2)
  Clock Path Skew:        -0.025ns (DCD - SCD + CPR)
    Destination Clock Delay (DCD):    5.207ns = ( 25.207 - 20.000 ) 
    Source Clock Delay      (SCD):    5.667ns
    Clock Pessimism Removal (CPR):    0.435ns
  Clock Uncertainty:      0.035ns  ((TSJ^2 + TIJ^2)^1/2 + DJ) / 2 + PE
    Total System Jitter     (TSJ):    0.071ns
    Total Input Jitter      (TIJ):    0.000ns
    Discrete Jitter          (DJ):    0.000ns
    Phase Error              (PE):    0.000ns

    Location             Delay type                Incr(ns)  Path(ns)    Netlist Resource(s)
  -------------------------------------------------------------------    -------------------
                         (clock sys_clk rise edge)    0.000     0.000 r  
    U18                                               0.000     0.000 r  clk (IN)
                         net (fo=0)                   0.000     0.000    clk
    U18                  IBUF (Prop_ibuf_I_O)         1.498     1.498 r  clk_IBUF_inst/O
                         net (fo=1, routed)           2.205     3.703    clk_IBUF
    BUFGCTRL_X0Y16       BUFG (Prop_bufg_I_O)         0.101     3.804 r  clk_IBUF_BUFG_inst/O
                         net (fo=27, routed)          1.863     5.667    clk_IBUF_BUFG
    SLICE_X108Y94        FDRE                                         r  cnt_reg[16]/C
  -------------------------------------------------------------------    -------------------
    SLICE_X108Y94        FDRE (Prop_fdre_C_Q)         0.518     6.185 f  cnt_reg[16]/Q
                         net (fo=3, routed)           0.828     7.014    cnt_reg[16]
    SLICE_X109Y93        LUT6 (Prop_lut6_I5_O)        0.124     7.138 r  cnt[0]_i_4/O
                         net (fo=1, routed)           0.848     7.985    cnt[0]_i_4_n_0
    SLICE_X109Y92        LUT6 (Prop_lut6_I0_O)        0.124     8.109 r  cnt[0]_i_2/O
                         net (fo=20, routed)          0.562     8.671    sel
    SLICE_X108Y93        FDRE                                         r  cnt_reg[13]/CE
  -------------------------------------------------------------------    -------------------

                         (clock sys_clk rise edge)   20.000    20.000 r  
    U18                                               0.000    20.000 r  clk (IN)
                         net (fo=0)                   0.000    20.000    clk
    U18                  IBUF (Prop_ibuf_I_O)         1.428    21.428 r  clk_IBUF_inst/O
                         net (fo=1, routed)           2.006    23.434    clk_IBUF
    BUFGCTRL_X0Y16       BUFG (Prop_bufg_I_O)         0.091    23.525 r  clk_IBUF_BUFG_inst/O
                         net (fo=27, routed)          1.683    25.207    clk_IBUF_BUFG
    SLICE_X108Y93        FDRE                                         r  cnt_reg[13]/C
                         clock pessimism              0.435    25.642    
                         clock uncertainty           -0.035    25.607    
    SLICE_X108Y93        FDRE (Setup_fdre_C_CE)      -0.169    25.438    cnt_reg[13]
  -------------------------------------------------------------------
                         required time                         25.438    
                         arrival time                          -8.671    
  -------------------------------------------------------------------
                         slack                                 16.767    





Min Delay Paths
--------------------------------------------------------------------------------------
Slack (MET) :             0.180ns  (arrival time - required time)
  Source:                 btn_reg_1_reg/C
                            (rising edge-triggered cell FDRE clocked by sys_clk  {rise@0.000ns fall@10.000ns period=20.000ns})
  Destination:            btn_reg_2_reg/D
                            (rising edge-triggered cell FDRE clocked by sys_clk  {rise@0.000ns fall@10.000ns period=20.000ns})
  Path Group:             sys_clk
  Path Type:              Hold (Min at Fast Process Corner)
  Requirement:            0.000ns  (sys_clk rise@0.000ns - sys_clk rise@0.000ns)
  Data Path Delay:        0.266ns  (logic 0.141ns (52.916%)  route 0.125ns (47.084%))
  Logic Levels:           0  
  Clock Path Skew:        0.016ns (DCD - SCD - CPR)
    Destination Clock Delay (DCD):    2.119ns
    Source Clock Delay      (SCD):    1.601ns
    Clock Pessimism Removal (CPR):    0.502ns

    Location             Delay type                Incr(ns)  Path(ns)    Netlist Resource(s)
  -------------------------------------------------------------------    -------------------
                         (clock sys_clk rise edge)    0.000     0.000 r  
    U18                                               0.000     0.000 r  clk (IN)
                         net (fo=0)                   0.000     0.000    clk
    U18                  IBUF (Prop_ibuf_I_O)         0.266     0.266 r  clk_IBUF_inst/O
                         net (fo=1, routed)           0.674     0.940    clk_IBUF
    BUFGCTRL_X0Y16       BUFG (Prop_bufg_I_O)         0.026     0.966 r  clk_IBUF_BUFG_inst/O
                         net (fo=27, routed)          0.635     1.601    clk_IBUF_BUFG
    SLICE_X109Y96        FDRE                                         r  btn_reg_1_reg/C
  -------------------------------------------------------------------    -------------------
    SLICE_X109Y96        FDRE (Prop_fdre_C_Q)         0.141     1.742 r  btn_reg_1_reg/Q
                         net (fo=2, routed)           0.125     1.867    btn_reg_1
    SLICE_X109Y94        FDRE                                         r  btn_reg_2_reg/D
  -------------------------------------------------------------------    -------------------

                         (clock sys_clk rise edge)    0.000     0.000 r  
    U18                                               0.000     0.000 r  clk (IN)
                         net (fo=0)                   0.000     0.000    clk
    U18                  IBUF (Prop_ibuf_I_O)         0.454     0.454 r  clk_IBUF_inst/O
                         net (fo=1, routed)           0.731     1.185    clk_IBUF
    BUFGCTRL_X0Y16       BUFG (Prop_bufg_I_O)         0.029     1.214 r  clk_IBUF_BUFG_inst/O
                         net (fo=27, routed)          0.905     2.119    clk_IBUF_BUFG
    SLICE_X109Y94        FDRE                                         r  btn_reg_2_reg/C
                         clock pessimism             -0.502     1.617    
    SLICE_X109Y94        FDRE (Hold_fdre_C_D)         0.070     1.687    btn_reg_2_reg
  -------------------------------------------------------------------
                         required time                         -1.687    
                         arrival time                           1.867    
  -------------------------------------------------------------------
                         slack                                  0.180    

Slack (MET) :             0.255ns  (arrival time - required time)
  Source:                 mode_reg[1]/C
                            (rising edge-triggered cell FDRE clocked by sys_clk  {rise@0.000ns fall@10.000ns period=20.000ns})
  Destination:            mode_reg[2]/D
                            (rising edge-triggered cell FDRE clocked by sys_clk  {rise@0.000ns fall@10.000ns period=20.000ns})
  Path Group:             sys_clk
  Path Type:              Hold (Min at Fast Process Corner)
  Requirement:            0.000ns  (sys_clk rise@0.000ns - sys_clk rise@0.000ns)
  Data Path Delay:        0.362ns  (logic 0.183ns (50.505%)  route 0.179ns (49.495%))
  Logic Levels:           1  (LUT5=1)
  Clock Path Skew:        0.000ns (DCD - SCD - CPR)
    Destination Clock Delay (DCD):    2.119ns
    Source Clock Delay      (SCD):    1.601ns
    Clock Pessimism Removal (CPR):    0.518ns

    Location             Delay type                Incr(ns)  Path(ns)    Netlist Resource(s)
  -------------------------------------------------------------------    -------------------
                         (clock sys_clk rise edge)    0.000     0.000 r  
    U18                                               0.000     0.000 r  clk (IN)
                         net (fo=0)                   0.000     0.000    clk
    U18                  IBUF (Prop_ibuf_I_O)         0.266     0.266 r  clk_IBUF_inst/O
                         net (fo=1, routed)           0.674     0.940    clk_IBUF
    BUFGCTRL_X0Y16       BUFG (Prop_bufg_I_O)         0.026     0.966 r  clk_IBUF_BUFG_inst/O
                         net (fo=27, routed)          0.635     1.601    clk_IBUF_BUFG
    SLICE_X107Y93        FDRE                                         r  mode_reg[1]/C
  -------------------------------------------------------------------    -------------------
    SLICE_X107Y93        FDRE (Prop_fdre_C_Q)         0.141     1.742 r  mode_reg[1]/Q
                         net (fo=15, routed)          0.179     1.921    mode_reg_n_0_[1]
    SLICE_X107Y93        LUT5 (Prop_lut5_I1_O)        0.042     1.963 r  mode[2]_i_1/O
                         net (fo=1, routed)           0.000     1.963    mode[2]_i_1_n_0
    SLICE_X107Y93        FDRE                                         r  mode_reg[2]/D
  -------------------------------------------------------------------    -------------------

                         (clock sys_clk rise edge)    0.000     0.000 r  
    U18                                               0.000     0.000 r  clk (IN)
                         net (fo=0)                   0.000     0.000    clk
    U18                  IBUF (Prop_ibuf_I_O)         0.454     0.454 r  clk_IBUF_inst/O
                         net (fo=1, routed)           0.731     1.185    clk_IBUF
    BUFGCTRL_X0Y16       BUFG (Prop_bufg_I_O)         0.029     1.214 r  clk_IBUF_BUFG_inst/O
                         net (fo=27, routed)          0.905     2.119    clk_IBUF_BUFG
    SLICE_X107Y93        FDRE                                         r  mode_reg[2]/C
                         clock pessimism             -0.518     1.601    
    SLICE_X107Y93        FDRE (Hold_fdre_C_D)         0.107     1.708    mode_reg[2]
  -------------------------------------------------------------------
                         required time                         -1.708    
                         arrival time                           1.963    
  -------------------------------------------------------------------
                         slack                                  0.255    

Slack (MET) :             0.267ns  (arrival time - required time)
  Source:                 cnt_reg[18]/C
                            (rising edge-triggered cell FDRE clocked by sys_clk  {rise@0.000ns fall@10.000ns period=20.000ns})
  Destination:            cnt_reg[18]/D
                            (rising edge-triggered cell FDRE clocked by sys_clk  {rise@0.000ns fall@10.000ns period=20.000ns})
  Path Group:             sys_clk
  Path Type:              Hold (Min at Fast Process Corner)
  Requirement:            0.000ns  (sys_clk rise@0.000ns - sys_clk rise@0.000ns)
  Data Path Delay:        0.401ns  (logic 0.274ns (68.412%)  route 0.127ns (31.588%))
  Logic Levels:           1  (CARRY4=1)
  Clock Path Skew:        0.000ns (DCD - SCD - CPR)
    Destination Clock Delay (DCD):    2.119ns
    Source Clock Delay      (SCD):    1.601ns
    Clock Pessimism Removal (CPR):    0.518ns

    Location             Delay type                Incr(ns)  Path(ns)    Netlist Resource(s)
  -------------------------------------------------------------------    -------------------
                         (clock sys_clk rise edge)    0.000     0.000 r  
    U18                                               0.000     0.000 r  clk (IN)
                         net (fo=0)                   0.000     0.000    clk
    U18                  IBUF (Prop_ibuf_I_O)         0.266     0.266 r  clk_IBUF_inst/O
                         net (fo=1, routed)           0.674     0.940    clk_IBUF
    BUFGCTRL_X0Y16       BUFG (Prop_bufg_I_O)         0.026     0.966 r  clk_IBUF_BUFG_inst/O
                         net (fo=27, routed)          0.635     1.601    clk_IBUF_BUFG
    SLICE_X108Y94        FDRE                                         r  cnt_reg[18]/C
  -------------------------------------------------------------------    -------------------
    SLICE_X108Y94        FDRE (Prop_fdre_C_Q)         0.164     1.765 r  cnt_reg[18]/Q
                         net (fo=3, routed)           0.127     1.891    cnt_reg[18]
    SLICE_X108Y94        CARRY4 (Prop_carry4_S[2]_O[2])
                                                      0.110     2.001 r  cnt_reg[16]_i_1/O[2]
                         net (fo=1, routed)           0.000     2.001    cnt_reg[16]_i_1_n_5
    SLICE_X108Y94        FDRE                                         r  cnt_reg[18]/D
  -------------------------------------------------------------------    -------------------

                         (clock sys_clk rise edge)    0.000     0.000 r  
    U18                                               0.000     0.000 r  clk (IN)
                         net (fo=0)                   0.000     0.000    clk
    U18                  IBUF (Prop_ibuf_I_O)         0.454     0.454 r  clk_IBUF_inst/O
                         net (fo=1, routed)           0.731     1.185    clk_IBUF
    BUFGCTRL_X0Y16       BUFG (Prop_bufg_I_O)         0.029     1.214 r  clk_IBUF_BUFG_inst/O
                         net (fo=27, routed)          0.905     2.119    clk_IBUF_BUFG
    SLICE_X108Y94        FDRE                                         r  cnt_reg[18]/C
                         clock pessimism             -0.518     1.601    
    SLICE_X108Y94        FDRE (Hold_fdre_C_D)         0.134     1.735    cnt_reg[18]
  -------------------------------------------------------------------
                         required time                         -1.735    
                         arrival time                           2.001    
  -------------------------------------------------------------------
                         slack                                  0.267    

Slack (MET) :             0.267ns  (arrival time - required time)
  Source:                 cnt_reg[2]/C
                            (rising edge-triggered cell FDRE clocked by sys_clk  {rise@0.000ns fall@10.000ns period=20.000ns})
  Destination:            cnt_reg[2]/D
                            (rising edge-triggered cell FDRE clocked by sys_clk  {rise@0.000ns fall@10.000ns period=20.000ns})
  Path Group:             sys_clk
  Path Type:              Hold (Min at Fast Process Corner)
  Requirement:            0.000ns  (sys_clk rise@0.000ns - sys_clk rise@0.000ns)
  Data Path Delay:        0.401ns  (logic 0.274ns (68.412%)  route 0.127ns (31.588%))
  Logic Levels:           1  (CARRY4=1)
  Clock Path Skew:        0.000ns (DCD - SCD - CPR)
    Destination Clock Delay (DCD):    2.118ns
    Source Clock Delay      (SCD):    1.600ns
    Clock Pessimism Removal (CPR):    0.518ns

    Location             Delay type                Incr(ns)  Path(ns)    Netlist Resource(s)
  -------------------------------------------------------------------    -------------------
                         (clock sys_clk rise edge)    0.000     0.000 r  
    U18                                               0.000     0.000 r  clk (IN)
                         net (fo=0)                   0.000     0.000    clk
    U18                  IBUF (Prop_ibuf_I_O)         0.266     0.266 r  clk_IBUF_inst/O
                         net (fo=1, routed)           0.674     0.940    clk_IBUF
    BUFGCTRL_X0Y16       BUFG (Prop_bufg_I_O)         0.026     0.966 r  clk_IBUF_BUFG_inst/O
                         net (fo=27, routed)          0.634     1.600    clk_IBUF_BUFG
    SLICE_X108Y90        FDRE                                         r  cnt_reg[2]/C
  -------------------------------------------------------------------    -------------------
    SLICE_X108Y90        FDRE (Prop_fdre_C_Q)         0.164     1.764 r  cnt_reg[2]/Q
                         net (fo=2, routed)           0.127     1.890    cnt_reg[2]
    SLICE_X108Y90        CARRY4 (Prop_carry4_S[2]_O[2])
                                                      0.110     2.000 r  cnt_reg[0]_i_3/O[2]
                         net (fo=1, routed)           0.000     2.000    cnt_reg[0]_i_3_n_5
    SLICE_X108Y90        FDRE                                         r  cnt_reg[2]/D
  -------------------------------------------------------------------    -------------------

                         (clock sys_clk rise edge)    0.000     0.000 r  
    U18                                               0.000     0.000 r  clk (IN)
                         net (fo=0)                   0.000     0.000    clk
    U18                  IBUF (Prop_ibuf_I_O)         0.454     0.454 r  clk_IBUF_inst/O
                         net (fo=1, routed)           0.731     1.185    clk_IBUF
    BUFGCTRL_X0Y16       BUFG (Prop_bufg_I_O)         0.029     1.214 r  clk_IBUF_BUFG_inst/O
                         net (fo=27, routed)          0.904     2.118    clk_IBUF_BUFG
    SLICE_X108Y90        FDRE                                         r  cnt_reg[2]/C
                         clock pessimism             -0.518     1.600    
    SLICE_X108Y90        FDRE (Hold_fdre_C_D)         0.134     1.734    cnt_reg[2]
  -------------------------------------------------------------------
                         required time                         -1.734    
                         arrival time                           2.000    
  -------------------------------------------------------------------
                         slack                                  0.267    

Slack (MET) :             0.274ns  (arrival time - required time)
  Source:                 mode_reg[1]/C
                            (rising edge-triggered cell FDRE clocked by sys_clk  {rise@0.000ns fall@10.000ns period=20.000ns})
  Destination:            mode_reg[1]/D
                            (rising edge-triggered cell FDRE clocked by sys_clk  {rise@0.000ns fall@10.000ns period=20.000ns})
  Path Group:             sys_clk
  Path Type:              Hold (Min at Fast Process Corner)
  Requirement:            0.000ns  (sys_clk rise@0.000ns - sys_clk rise@0.000ns)
  Data Path Delay:        0.365ns  (logic 0.186ns (50.911%)  route 0.179ns (49.089%))
  Logic Levels:           1  (LUT5=1)
  Clock Path Skew:        0.000ns (DCD - SCD - CPR)
    Destination Clock Delay (DCD):    2.119ns
    Source Clock Delay      (SCD):    1.601ns
    Clock Pessimism Removal (CPR):    0.518ns

    Location             Delay type                Incr(ns)  Path(ns)    Netlist Resource(s)
  -------------------------------------------------------------------    -------------------
                         (clock sys_clk rise edge)    0.000     0.000 r  
    U18                                               0.000     0.000 r  clk (IN)
                         net (fo=0)                   0.000     0.000    clk
    U18                  IBUF (Prop_ibuf_I_O)         0.266     0.266 r  clk_IBUF_inst/O
                         net (fo=1, routed)           0.674     0.940    clk_IBUF
    BUFGCTRL_X0Y16       BUFG (Prop_bufg_I_O)         0.026     0.966 r  clk_IBUF_BUFG_inst/O
                         net (fo=27, routed)          0.635     1.601    clk_IBUF_BUFG
    SLICE_X107Y93        FDRE                                         r  mode_reg[1]/C
  -------------------------------------------------------------------    -------------------
    SLICE_X107Y93        FDRE (Prop_fdre_C_Q)         0.141     1.742 r  mode_reg[1]/Q
                         net (fo=15, routed)          0.179     1.921    mode_reg_n_0_[1]
    SLICE_X107Y93        LUT5 (Prop_lut5_I0_O)        0.045     1.966 r  mode[1]_i_1/O
                         net (fo=1, routed)           0.000     1.966    mode[1]_i_1_n_0
    SLICE_X107Y93        FDRE                                         r  mode_reg[1]/D
  -------------------------------------------------------------------    -------------------

                         (clock sys_clk rise edge)    0.000     0.000 r  
    U18                                               0.000     0.000 r  clk (IN)
                         net (fo=0)                   0.000     0.000    clk
    U18                  IBUF (Prop_ibuf_I_O)         0.454     0.454 r  clk_IBUF_inst/O
                         net (fo=1, routed)           0.731     1.185    clk_IBUF
    BUFGCTRL_X0Y16       BUFG (Prop_bufg_I_O)         0.029     1.214 r  clk_IBUF_BUFG_inst/O
                         net (fo=27, routed)          0.905     2.119    clk_IBUF_BUFG
    SLICE_X107Y93        FDRE                                         r  mode_reg[1]/C
                         clock pessimism             -0.518     1.601    
    SLICE_X107Y93        FDRE (Hold_fdre_C_D)         0.091     1.692    mode_reg[1]
  -------------------------------------------------------------------
                         required time                         -1.692    
                         arrival time                           1.966    
  -------------------------------------------------------------------
                         slack                                  0.274    

Slack (MET) :             0.277ns  (arrival time - required time)
  Source:                 btn_state_reg/C
                            (rising edge-triggered cell FDRE clocked by sys_clk  {rise@0.000ns fall@10.000ns period=20.000ns})
  Destination:            btn_state_reg/D
                            (rising edge-triggered cell FDRE clocked by sys_clk  {rise@0.000ns fall@10.000ns period=20.000ns})
  Path Group:             sys_clk
  Path Type:              Hold (Min at Fast Process Corner)
  Requirement:            0.000ns  (sys_clk rise@0.000ns - sys_clk rise@0.000ns)
  Data Path Delay:        0.368ns  (logic 0.186ns (50.574%)  route 0.182ns (49.426%))
  Logic Levels:           1  (LUT6=1)
  Clock Path Skew:        0.000ns (DCD - SCD - CPR)
    Destination Clock Delay (DCD):    2.119ns
    Source Clock Delay      (SCD):    1.601ns
    Clock Pessimism Removal (CPR):    0.518ns

    Location             Delay type                Incr(ns)  Path(ns)    Netlist Resource(s)
  -------------------------------------------------------------------    -------------------
                         (clock sys_clk rise edge)    0.000     0.000 r  
    U18                                               0.000     0.000 r  clk (IN)
                         net (fo=0)                   0.000     0.000    clk
    U18                  IBUF (Prop_ibuf_I_O)         0.266     0.266 r  clk_IBUF_inst/O
                         net (fo=1, routed)           0.674     0.940    clk_IBUF
    BUFGCTRL_X0Y16       BUFG (Prop_bufg_I_O)         0.026     0.966 r  clk_IBUF_BUFG_inst/O
                         net (fo=27, routed)          0.635     1.601    clk_IBUF_BUFG
    SLICE_X109Y93        FDRE                                         r  btn_state_reg/C
  -------------------------------------------------------------------    -------------------
    SLICE_X109Y93        FDRE (Prop_fdre_C_Q)         0.141     1.742 r  btn_state_reg/Q
                         net (fo=5, routed)           0.182     1.924    btn_state_reg_n_0
    SLICE_X109Y93        LUT6 (Prop_lut6_I5_O)        0.045     1.969 r  btn_state_i_1/O
                         net (fo=1, routed)           0.000     1.969    btn_state_i_1_n_0
    SLICE_X109Y93        FDRE                                         r  btn_state_reg/D
  -------------------------------------------------------------------    -------------------

                         (clock sys_clk rise edge)    0.000     0.000 r  
    U18                                               0.000     0.000 r  clk (IN)
                         net (fo=0)                   0.000     0.000    clk
    U18                  IBUF (Prop_ibuf_I_O)         0.454     0.454 r  clk_IBUF_inst/O
                         net (fo=1, routed)           0.731     1.185    clk_IBUF
    BUFGCTRL_X0Y16       BUFG (Prop_bufg_I_O)         0.029     1.214 r  clk_IBUF_BUFG_inst/O
                         net (fo=27, routed)          0.905     2.119    clk_IBUF_BUFG
    SLICE_X109Y93        FDRE                                         r  btn_state_reg/C
                         clock pessimism             -0.518     1.601    
    SLICE_X109Y93        FDRE (Hold_fdre_C_D)         0.091     1.692    btn_state_reg
  -------------------------------------------------------------------
                         required time                         -1.692    
                         arrival time                           1.969    
  -------------------------------------------------------------------
                         slack                                  0.277    

Slack (MET) :             0.277ns  (arrival time - required time)
  Source:                 cnt_reg[14]/C
                            (rising edge-triggered cell FDRE clocked by sys_clk  {rise@0.000ns fall@10.000ns period=20.000ns})
  Destination:            cnt_reg[14]/D
                            (rising edge-triggered cell FDRE clocked by sys_clk  {rise@0.000ns fall@10.000ns period=20.000ns})
  Path Group:             sys_clk
  Path Type:              Hold (Min at Fast Process Corner)
  Requirement:            0.000ns  (sys_clk rise@0.000ns - sys_clk rise@0.000ns)
  Data Path Delay:        0.411ns  (logic 0.274ns (66.672%)  route 0.137ns (33.328%))
  Logic Levels:           1  (CARRY4=1)
  Clock Path Skew:        0.000ns (DCD - SCD - CPR)
    Destination Clock Delay (DCD):    2.119ns
    Source Clock Delay      (SCD):    1.601ns
    Clock Pessimism Removal (CPR):    0.518ns

    Location             Delay type                Incr(ns)  Path(ns)    Netlist Resource(s)
  -------------------------------------------------------------------    -------------------
                         (clock sys_clk rise edge)    0.000     0.000 r  
    U18                                               0.000     0.000 r  clk (IN)
                         net (fo=0)                   0.000     0.000    clk
    U18                  IBUF (Prop_ibuf_I_O)         0.266     0.266 r  clk_IBUF_inst/O
                         net (fo=1, routed)           0.674     0.940    clk_IBUF
    BUFGCTRL_X0Y16       BUFG (Prop_bufg_I_O)         0.026     0.966 r  clk_IBUF_BUFG_inst/O
                         net (fo=27, routed)          0.635     1.601    clk_IBUF_BUFG
    SLICE_X108Y93        FDRE                                         r  cnt_reg[14]/C
  -------------------------------------------------------------------    -------------------
    SLICE_X108Y93        FDRE (Prop_fdre_C_Q)         0.164     1.765 r  cnt_reg[14]/Q
                         net (fo=3, routed)           0.137     1.902    cnt_reg[14]
    SLICE_X108Y93        CARRY4 (Prop_carry4_S[2]_O[2])
                                                      0.110     2.012 r  cnt_reg[12]_i_1/O[2]
                         net (fo=1, routed)           0.000     2.012    cnt_reg[12]_i_1_n_5
    SLICE_X108Y93        FDRE                                         r  cnt_reg[14]/D
  -------------------------------------------------------------------    -------------------

                         (clock sys_clk rise edge)    0.000     0.000 r  
    U18                                               0.000     0.000 r  clk (IN)
                         net (fo=0)                   0.000     0.000    clk
    U18                  IBUF (Prop_ibuf_I_O)         0.454     0.454 r  clk_IBUF_inst/O
                         net (fo=1, routed)           0.731     1.185    clk_IBUF
    BUFGCTRL_X0Y16       BUFG (Prop_bufg_I_O)         0.029     1.214 r  clk_IBUF_BUFG_inst/O
                         net (fo=27, routed)          0.905     2.119    clk_IBUF_BUFG
    SLICE_X108Y93        FDRE                                         r  cnt_reg[14]/C
                         clock pessimism             -0.518     1.601    
    SLICE_X108Y93        FDRE (Hold_fdre_C_D)         0.134     1.735    cnt_reg[14]
  -------------------------------------------------------------------
                         required time                         -1.735    
                         arrival time                           2.012    
  -------------------------------------------------------------------
                         slack                                  0.277    

Slack (MET) :             0.277ns  (arrival time - required time)
  Source:                 cnt_reg[10]/C
                            (rising edge-triggered cell FDRE clocked by sys_clk  {rise@0.000ns fall@10.000ns period=20.000ns})
  Destination:            cnt_reg[10]/D
                            (rising edge-triggered cell FDRE clocked by sys_clk  {rise@0.000ns fall@10.000ns period=20.000ns})
  Path Group:             sys_clk
  Path Type:              Hold (Min at Fast Process Corner)
  Requirement:            0.000ns  (sys_clk rise@0.000ns - sys_clk rise@0.000ns)
  Data Path Delay:        0.411ns  (logic 0.274ns (66.611%)  route 0.137ns (33.389%))
  Logic Levels:           1  (CARRY4=1)
  Clock Path Skew:        0.000ns (DCD - SCD - CPR)
    Destination Clock Delay (DCD):    2.118ns
    Source Clock Delay      (SCD):    1.600ns
    Clock Pessimism Removal (CPR):    0.518ns

    Location             Delay type                Incr(ns)  Path(ns)    Netlist Resource(s)
  -------------------------------------------------------------------    -------------------
                         (clock sys_clk rise edge)    0.000     0.000 r  
    U18                                               0.000     0.000 r  clk (IN)
                         net (fo=0)                   0.000     0.000    clk
    U18                  IBUF (Prop_ibuf_I_O)         0.266     0.266 r  clk_IBUF_inst/O
                         net (fo=1, routed)           0.674     0.940    clk_IBUF
    BUFGCTRL_X0Y16       BUFG (Prop_bufg_I_O)         0.026     0.966 r  clk_IBUF_BUFG_inst/O
                         net (fo=27, routed)          0.634     1.600    clk_IBUF_BUFG
    SLICE_X108Y92        FDRE                                         r  cnt_reg[10]/C
  -------------------------------------------------------------------    -------------------
    SLICE_X108Y92        FDRE (Prop_fdre_C_Q)         0.164     1.764 r  cnt_reg[10]/Q
                         net (fo=3, routed)           0.137     1.901    cnt_reg[10]
    SLICE_X108Y92        CARRY4 (Prop_carry4_S[2]_O[2])
                                                      0.110     2.011 r  cnt_reg[8]_i_1/O[2]
                         net (fo=1, routed)           0.000     2.011    cnt_reg[8]_i_1_n_5
    SLICE_X108Y92        FDRE                                         r  cnt_reg[10]/D
  -------------------------------------------------------------------    -------------------

                         (clock sys_clk rise edge)    0.000     0.000 r  
    U18                                               0.000     0.000 r  clk (IN)
                         net (fo=0)                   0.000     0.000    clk
    U18                  IBUF (Prop_ibuf_I_O)         0.454     0.454 r  clk_IBUF_inst/O
                         net (fo=1, routed)           0.731     1.185    clk_IBUF
    BUFGCTRL_X0Y16       BUFG (Prop_bufg_I_O)         0.029     1.214 r  clk_IBUF_BUFG_inst/O
                         net (fo=27, routed)          0.904     2.118    clk_IBUF_BUFG
    SLICE_X108Y92        FDRE                                         r  cnt_reg[10]/C
                         clock pessimism             -0.518     1.600    
    SLICE_X108Y92        FDRE (Hold_fdre_C_D)         0.134     1.734    cnt_reg[10]
  -------------------------------------------------------------------
                         required time                         -1.734    
                         arrival time                           2.011    
  -------------------------------------------------------------------
                         slack                                  0.277    

Slack (MET) :             0.303ns  (arrival time - required time)
  Source:                 cnt_reg[18]/C
                            (rising edge-triggered cell FDRE clocked by sys_clk  {rise@0.000ns fall@10.000ns period=20.000ns})
  Destination:            cnt_reg[19]/D
                            (rising edge-triggered cell FDRE clocked by sys_clk  {rise@0.000ns fall@10.000ns period=20.000ns})
  Path Group:             sys_clk
  Path Type:              Hold (Min at Fast Process Corner)
  Requirement:            0.000ns  (sys_clk rise@0.000ns - sys_clk rise@0.000ns)
  Data Path Delay:        0.437ns  (logic 0.310ns (71.017%)  route 0.127ns (28.983%))
  Logic Levels:           1  (CARRY4=1)
  Clock Path Skew:        0.000ns (DCD - SCD - CPR)
    Destination Clock Delay (DCD):    2.119ns
    Source Clock Delay      (SCD):    1.601ns
    Clock Pessimism Removal (CPR):    0.518ns

    Location             Delay type                Incr(ns)  Path(ns)    Netlist Resource(s)
  -------------------------------------------------------------------    -------------------
                         (clock sys_clk rise edge)    0.000     0.000 r  
    U18                                               0.000     0.000 r  clk (IN)
                         net (fo=0)                   0.000     0.000    clk
    U18                  IBUF (Prop_ibuf_I_O)         0.266     0.266 r  clk_IBUF_inst/O
                         net (fo=1, routed)           0.674     0.940    clk_IBUF
    BUFGCTRL_X0Y16       BUFG (Prop_bufg_I_O)         0.026     0.966 r  clk_IBUF_BUFG_inst/O
                         net (fo=27, routed)          0.635     1.601    clk_IBUF_BUFG
    SLICE_X108Y94        FDRE                                         r  cnt_reg[18]/C
  -------------------------------------------------------------------    -------------------
    SLICE_X108Y94        FDRE (Prop_fdre_C_Q)         0.164     1.765 r  cnt_reg[18]/Q
                         net (fo=3, routed)           0.127     1.891    cnt_reg[18]
    SLICE_X108Y94        CARRY4 (Prop_carry4_S[2]_O[3])
                                                      0.146     2.037 r  cnt_reg[16]_i_1/O[3]
                         net (fo=1, routed)           0.000     2.037    cnt_reg[16]_i_1_n_4
    SLICE_X108Y94        FDRE                                         r  cnt_reg[19]/D
  -------------------------------------------------------------------    -------------------

                         (clock sys_clk rise edge)    0.000     0.000 r  
    U18                                               0.000     0.000 r  clk (IN)
                         net (fo=0)                   0.000     0.000    clk
    U18                  IBUF (Prop_ibuf_I_O)         0.454     0.454 r  clk_IBUF_inst/O
                         net (fo=1, routed)           0.731     1.185    clk_IBUF
    BUFGCTRL_X0Y16       BUFG (Prop_bufg_I_O)         0.029     1.214 r  clk_IBUF_BUFG_inst/O
                         net (fo=27, routed)          0.905     2.119    clk_IBUF_BUFG
    SLICE_X108Y94        FDRE                                         r  cnt_reg[19]/C
                         clock pessimism             -0.518     1.601    
    SLICE_X108Y94        FDRE (Hold_fdre_C_D)         0.134     1.735    cnt_reg[19]
  -------------------------------------------------------------------
                         required time                         -1.735    
                         arrival time                           2.037    
  -------------------------------------------------------------------
                         slack                                  0.303    

Slack (MET) :             0.303ns  (arrival time - required time)
  Source:                 cnt_reg[2]/C
                            (rising edge-triggered cell FDRE clocked by sys_clk  {rise@0.000ns fall@10.000ns period=20.000ns})
  Destination:            cnt_reg[3]/D
                            (rising edge-triggered cell FDRE clocked by sys_clk  {rise@0.000ns fall@10.000ns period=20.000ns})
  Path Group:             sys_clk
  Path Type:              Hold (Min at Fast Process Corner)
  Requirement:            0.000ns  (sys_clk rise@0.000ns - sys_clk rise@0.000ns)
  Data Path Delay:        0.437ns  (logic 0.310ns (71.017%)  route 0.127ns (28.983%))
  Logic Levels:           1  (CARRY4=1)
  Clock Path Skew:        0.000ns (DCD - SCD - CPR)
    Destination Clock Delay (DCD):    2.118ns
    Source Clock Delay      (SCD):    1.600ns
    Clock Pessimism Removal (CPR):    0.518ns

    Location             Delay type                Incr(ns)  Path(ns)    Netlist Resource(s)
  -------------------------------------------------------------------    -------------------
                         (clock sys_clk rise edge)    0.000     0.000 r  
    U18                                               0.000     0.000 r  clk (IN)
                         net (fo=0)                   0.000     0.000    clk
    U18                  IBUF (Prop_ibuf_I_O)         0.266     0.266 r  clk_IBUF_inst/O
                         net (fo=1, routed)           0.674     0.940    clk_IBUF
    BUFGCTRL_X0Y16       BUFG (Prop_bufg_I_O)         0.026     0.966 r  clk_IBUF_BUFG_inst/O
                         net (fo=27, routed)          0.634     1.600    clk_IBUF_BUFG
    SLICE_X108Y90        FDRE                                         r  cnt_reg[2]/C
  -------------------------------------------------------------------    -------------------
    SLICE_X108Y90        FDRE (Prop_fdre_C_Q)         0.164     1.764 r  cnt_reg[2]/Q
                         net (fo=2, routed)           0.127     1.890    cnt_reg[2]
    SLICE_X108Y90        CARRY4 (Prop_carry4_S[2]_O[3])
                                                      0.146     2.036 r  cnt_reg[0]_i_3/O[3]
                         net (fo=1, routed)           0.000     2.036    cnt_reg[0]_i_3_n_4
    SLICE_X108Y90        FDRE                                         r  cnt_reg[3]/D
  -------------------------------------------------------------------    -------------------

                         (clock sys_clk rise edge)    0.000     0.000 r  
    U18                                               0.000     0.000 r  clk (IN)
                         net (fo=0)                   0.000     0.000    clk
    U18                  IBUF (Prop_ibuf_I_O)         0.454     0.454 r  clk_IBUF_inst/O
                         net (fo=1, routed)           0.731     1.185    clk_IBUF
    BUFGCTRL_X0Y16       BUFG (Prop_bufg_I_O)         0.029     1.214 r  clk_IBUF_BUFG_inst/O
                         net (fo=27, routed)          0.904     2.118    clk_IBUF_BUFG
    SLICE_X108Y90        FDRE                                         r  cnt_reg[3]/C
                         clock pessimism             -0.518     1.600    
    SLICE_X108Y90        FDRE (Hold_fdre_C_D)         0.134     1.734    cnt_reg[3]
  -------------------------------------------------------------------
                         required time                         -1.734    
                         arrival time                           2.036    
  -------------------------------------------------------------------
                         slack                                  0.303    





Pulse Width Checks
--------------------------------------------------------------------------------------
Clock Name:         sys_clk
Waveform(ns):       { 0.000 10.000 }
Period(ns):         20.000
Sources:            { clk }

Check Type        Corner  Lib Pin  Reference Pin  Required(ns)  Actual(ns)  Slack(ns)  Location        Pin
Min Period        n/a     BUFG/I   n/a            2.155         20.000      17.845     BUFGCTRL_X0Y16  clk_IBUF_BUFG_inst/I
Min Period        n/a     FDRE/C   n/a            1.000         20.000      19.000     SLICE_X109Y96   btn_reg_1_reg/C
Min Period        n/a     FDRE/C   n/a            1.000         20.000      19.000     SLICE_X109Y94   btn_reg_2_reg/C
Min Period        n/a     FDRE/C   n/a            1.000         20.000      19.000     SLICE_X107Y93   btn_state_prev_reg/C
Min Period        n/a     FDRE/C   n/a            1.000         20.000      19.000     SLICE_X109Y93   btn_state_reg/C
Min Period        n/a     FDRE/C   n/a            1.000         20.000      19.000     SLICE_X108Y90   cnt_reg[0]/C
Min Period        n/a     FDRE/C   n/a            1.000         20.000      19.000     SLICE_X108Y92   cnt_reg[10]/C
Min Period        n/a     FDRE/C   n/a            1.000         20.000      19.000     SLICE_X108Y92   cnt_reg[11]/C
Min Period        n/a     FDRE/C   n/a            1.000         20.000      19.000     SLICE_X108Y93   cnt_reg[12]/C
Min Period        n/a     FDRE/C   n/a            1.000         20.000      19.000     SLICE_X108Y93   cnt_reg[13]/C
Low Pulse Width   Slow    FDRE/C   n/a            0.500         10.000      9.500      SLICE_X109Y96   btn_reg_1_reg/C
Low Pulse Width   Slow    FDRE/C   n/a            0.500         10.000      9.500      SLICE_X109Y94   btn_reg_2_reg/C
Low Pulse Width   Slow    FDRE/C   n/a            0.500         10.000      9.500      SLICE_X107Y93   btn_state_prev_reg/C
Low Pulse Width   Slow    FDRE/C   n/a            0.500         10.000      9.500      SLICE_X109Y93   btn_state_reg/C
Low Pulse Width   Slow    FDRE/C   n/a            0.500         10.000      9.500      SLICE_X108Y90   cnt_reg[0]/C
Low Pulse Width   Fast    FDRE/C   n/a            0.500         10.000      9.500      SLICE_X108Y90   cnt_reg[0]/C
Low Pulse Width   Slow    FDRE/C   n/a            0.500         10.000      9.500      SLICE_X108Y92   cnt_reg[10]/C
Low Pulse Width   Fast    FDRE/C   n/a            0.500         10.000      9.500      SLICE_X108Y92   cnt_reg[10]/C
Low Pulse Width   Slow    FDRE/C   n/a            0.500         10.000      9.500      SLICE_X108Y92   cnt_reg[11]/C
Low Pulse Width   Fast    FDRE/C   n/a            0.500         10.000      9.500      SLICE_X108Y92   cnt_reg[11]/C
High Pulse Width  Fast    FDRE/C   n/a            0.500         10.000      9.500      SLICE_X109Y96   btn_reg_1_reg/C
High Pulse Width  Fast    FDRE/C   n/a            0.500         10.000      9.500      SLICE_X109Y94   btn_reg_2_reg/C
High Pulse Width  Fast    FDRE/C   n/a            0.500         10.000      9.500      SLICE_X107Y93   btn_state_prev_reg/C
High Pulse Width  Fast    FDRE/C   n/a            0.500         10.000      9.500      SLICE_X109Y93   btn_state_reg/C
High Pulse Width  Fast    FDRE/C   n/a            0.500         10.000      9.500      SLICE_X108Y93   cnt_reg[12]/C
High Pulse Width  Fast    FDRE/C   n/a            0.500         10.000      9.500      SLICE_X108Y93   cnt_reg[13]/C
High Pulse Width  Fast    FDRE/C   n/a            0.500         10.000      9.500      SLICE_X108Y93   cnt_reg[14]/C
High Pulse Width  Fast    FDRE/C   n/a            0.500         10.000      9.500      SLICE_X108Y93   cnt_reg[15]/C
High Pulse Width  Fast    FDRE/C   n/a            0.500         10.000      9.500      SLICE_X108Y94   cnt_reg[16]/C
High Pulse Width  Fast    FDRE/C   n/a            0.500         10.000      9.500      SLICE_X108Y94   cnt_reg[17]/C



