Unable to capture context for thread 52520 in process 31064, can not generate back trace
Unable to capture context for thread 50212 in process 31064, can not generate back trace
Unable to capture context for thread 53748 in process 31064, can not generate back trace
Unable to capture context for thread 53496 in process 31064, can not generate back trace
Unable to capture context for thread 52792 in process 31064, can not generate back trace
Unable to capture context for thread 52340 in process 31064, can not generate back trace
Unable to capture context for thread 53900 in process 31064, can not generate back trace
Unable to capture context for thread 55276 in process 31064, can not generate back trace
Unable to capture context for thread 50828 in process 31064, can not generate back trace
Exception at PC 0x00007FFA7854804A
Exception at PC 0x00007FF9476CE132
Attemped to write at address 0x00007FF9918A4AA4
Printing stacktrace...

[0]  [0x00007FF9476CE132]
[1]  [0x00007FF9476CE132]
[2]  [0x00007FF9476CE194]
[3]  [0x00007FF94731D0D7]
[4]  [0x00007FF947202BCA]
[5]  [0x00007FF947202FD1]
[6]  [0x00007FF9476CEB2F]
[7]  [0x00007FF94758C19D]
[8]  [0x00007FF947585942]
[9]  [0x00007FF947585AB5]
[10] (RtlEncodeRemotePointer+0xce) [0x00007FFA7AE9F89E]
[11] (RtlRaiseException+0x156e) [0x00007FFA7AD4BCAE]
[12] (LdrShutdownProcess+0x17f) [0x00007FFA7ADCD4AF]
[13] (RtlExitUserProcess+0x9e) [0x00007FFA7ADCC67E]
[14] (FatalExit+0xb) [0x00007FFA797118AB]
[15] (exit+0x89) [0x00007FFA78C8E2C9]
[16] (initterm_e+0x244) [0x00007FFA78C8E914]
[17]  [0x00000000004014CD]
[18]  [0x000000000040151B]
[19] (BaseThreadInitThunk+0x17) [0x00007FFA796FE8D7]
[20] (RtlUserThreadStart+0x2c) [0x00007FFA7ADCC53C]
Done
